******************************************************************************
                  MSP430 Linker PC v4.4.3                      
******************************************************************************
>> Linked Sun Aug 09 14:48:36 2015

OUTPUT FILE NAME:   <CtlFourAxis.out>
ENTRY POINT SYMBOL: "_c_int00_noargs_noexit"  address: 00004598


MEMORY CONFIGURATION

         name            origin    length      used     unused   attr    fill
----------------------  --------  ---------  --------  --------  ----  --------
  SFR                   00000000   00000010  00000000  00000010  RWIX
  PERIPHERALS_8BIT      00000010   000000f0  00000000  000000f0  RWIX
  PERIPHERALS_16BIT     00000100   00000100  00000000  00000100  RWIX
  INFOD                 00001800   00000080  00000000  00000080  RWIX
  INFOC                 00001880   00000080  00000000  00000080  RWIX
  INFOB                 00001900   00000080  00000000  00000080  RWIX
  INFOA                 00001980   00000080  00000000  00000080  RWIX
  USBRAM                00001c00   00000800  00000000  00000800  RWIX
  RAM                   00002400   00002000  000003f5  00001c0b  RWIX
  FLASH                 00004400   0000bb80  0000652c  00005654  RWIX
  INT00                 0000ff80   00000002  00000000  00000002  RWIX
  INT01                 0000ff82   00000002  00000000  00000002  RWIX
  INT02                 0000ff84   00000002  00000000  00000002  RWIX
  INT03                 0000ff86   00000002  00000000  00000002  RWIX
  INT04                 0000ff88   00000002  00000000  00000002  RWIX
  INT05                 0000ff8a   00000002  00000000  00000002  RWIX
  INT06                 0000ff8c   00000002  00000000  00000002  RWIX
  INT07                 0000ff8e   00000002  00000000  00000002  RWIX
  INT08                 0000ff90   00000002  00000000  00000002  RWIX
  INT09                 0000ff92   00000002  00000000  00000002  RWIX
  INT10                 0000ff94   00000002  00000000  00000002  RWIX
  INT11                 0000ff96   00000002  00000000  00000002  RWIX
  INT12                 0000ff98   00000002  00000000  00000002  RWIX
  INT13                 0000ff9a   00000002  00000000  00000002  RWIX
  INT14                 0000ff9c   00000002  00000000  00000002  RWIX
  INT15                 0000ff9e   00000002  00000000  00000002  RWIX
  INT16                 0000ffa0   00000002  00000000  00000002  RWIX
  INT17                 0000ffa2   00000002  00000000  00000002  RWIX
  INT18                 0000ffa4   00000002  00000000  00000002  RWIX
  INT19                 0000ffa6   00000002  00000000  00000002  RWIX
  INT20                 0000ffa8   00000002  00000000  00000002  RWIX
  INT21                 0000ffaa   00000002  00000000  00000002  RWIX
  INT22                 0000ffac   00000002  00000000  00000002  RWIX
  INT23                 0000ffae   00000002  00000000  00000002  RWIX
  INT24                 0000ffb0   00000002  00000000  00000002  RWIX
  INT25                 0000ffb2   00000002  00000000  00000002  RWIX
  INT26                 0000ffb4   00000002  00000000  00000002  RWIX
  INT27                 0000ffb6   00000002  00000000  00000002  RWIX
  INT28                 0000ffb8   00000002  00000000  00000002  RWIX
  INT29                 0000ffba   00000002  00000000  00000002  RWIX
  INT30                 0000ffbc   00000002  00000000  00000002  RWIX
  INT31                 0000ffbe   00000002  00000000  00000002  RWIX
  INT32                 0000ffc0   00000002  00000000  00000002  RWIX
  INT33                 0000ffc2   00000002  00000000  00000002  RWIX
  INT34                 0000ffc4   00000002  00000000  00000002  RWIX
  INT35                 0000ffc6   00000002  00000000  00000002  RWIX
  INT36                 0000ffc8   00000002  00000000  00000002  RWIX
  INT37                 0000ffca   00000002  00000000  00000002  RWIX
  INT38                 0000ffcc   00000002  00000000  00000002  RWIX
  INT39                 0000ffce   00000002  00000000  00000002  RWIX
  INT40                 0000ffd0   00000002  00000000  00000002  RWIX
  INT41                 0000ffd2   00000002  00000002  00000000  RWIX
  INT42                 0000ffd4   00000002  00000002  00000000  RWIX
  INT43                 0000ffd6   00000002  00000002  00000000  RWIX
  INT44                 0000ffd8   00000002  00000002  00000000  RWIX
  INT45                 0000ffda   00000002  00000002  00000000  RWIX
  INT46                 0000ffdc   00000002  00000002  00000000  RWIX
  INT47                 0000ffde   00000002  00000002  00000000  RWIX
  INT48                 0000ffe0   00000002  00000002  00000000  RWIX
  INT49                 0000ffe2   00000002  00000002  00000000  RWIX
  INT50                 0000ffe4   00000002  00000002  00000000  RWIX
  INT51                 0000ffe6   00000002  00000002  00000000  RWIX
  INT52                 0000ffe8   00000002  00000002  00000000  RWIX
  INT53                 0000ffea   00000002  00000002  00000000  RWIX
  INT54                 0000ffec   00000002  00000002  00000000  RWIX
  INT55                 0000ffee   00000002  00000002  00000000  RWIX
  INT56                 0000fff0   00000002  00000002  00000000  RWIX
  INT57                 0000fff2   00000002  00000002  00000000  RWIX
  INT58                 0000fff4   00000002  00000002  00000000  RWIX
  INT59                 0000fff6   00000002  00000002  00000000  RWIX
  INT60                 0000fff8   00000002  00000002  00000000  RWIX
  INT61                 0000fffa   00000002  00000002  00000000  RWIX
  INT62                 0000fffc   00000002  00000002  00000000  RWIX
  RESET                 0000fffe   00000002  00000002  00000000  RWIX
  FLASH2                00010000   00014400  00000000  00014400  RWIX


SECTION ALLOCATION MAP

 output                                  attributes/
section   page    origin      length       input sections
--------  ----  ----------  ----------   ----------------
.bss       0    00002400    00000355     UNINITIALIZED
                  00002400    00000138     CtlFourAxis.obj (.bss)
                  00002538    000000b0     rts430x_lc_rd.lib : signal.obj (.bss)
                  000025e8    00000078                       : xvalues.obj (.bss)
                  00002660    00000068                       : xfvalues.obj (.bss)
                  000026c8    0000002c     inv_mpu.obj (.bss)
                  000026f4    00000020     bluth.obj (.bss)
                  00002714    0000001e     msp430_clock.obj (.bss)
                  00002732    00000010     inv_mpu_dmp_motion_driver.obj (.bss)
                  00002742    00000008     rts430x_lc_rd.lib : feraiseexcept.obj (.bss)
                  0000274a    00000004                       : _lock.obj (.bss:_lock)
                  0000274e    00000004                       : _lock.obj (.bss:_unlock)
                  00002752    00000002                       : errno.obj (.bss)
                  00002754    00000001     i2c.obj (.bss)

.data      0    00002400    00000000     UNINITIALIZED

.stack     0    00004360    000000a0     UNINITIALIZED
                  00004360    00000004     rts430x_lc_rd.lib : boot.obj (.stack)
                  00004364    0000009c     --HOLE--

.text:_isr 
*          0    00004400    000001c4     
                  00004400    000000b8     CtlFourAxis.obj (.text:_isr:Dat_SendReceive)
                  000044b8    0000009e     CtlFourAxis.obj (.text:_isr:PID_CONTROL)
                  00004556    00000042     msp430_clock.obj (.text:_isr:TIMERB0_ISR)
                  00004598    0000001a     rts430x_lc_rd.lib : boot_special.obj (.text:_isr:_c_int00_noargs_noexit)
                  000045b2    0000000c     CtlFourAxis.obj (.text:_isr:HC_SR06_ISR)
                  000045be    00000006     rts430x_lc_rd.lib : isr_trap.obj (.text:_isr:__TI_ISR_TRAP)

.const     0    000099c4    00000cfc     
                  000099c4    00000bf6     inv_mpu_dmp_motion_driver.obj (.const:.string:dmp_memory)
                  0000a5ba    00000052     inv_mpu.obj (.const)
                  0000a60c    0000002c     rts430x_lc_rd.lib : xlog.obj (.const)
                  0000a638    00000020                       : xatan.obj (.const:a)
                  0000a658    00000010                       : xexp.obj (.const)
                  0000a668    0000000e                       : pow.obj (.const)
                  0000a676    0000000c     inv_mpu_dmp_motion_driver.obj (.const:.string:$P$T4$5)
                  0000a682    00000009     inv_mpu_dmp_motion_driver.obj (.const:.string:$P$T5$6)
                  0000a68b    00000001     --HOLE-- [fill = 0]
                  0000a68c    00000009     inv_mpu_dmp_motion_driver.obj (.const:.string:$P$T6$7)
                  0000a695    00000001     --HOLE-- [fill = 0]
                  0000a696    00000008     rts430x_lc_rd.lib : xatan.obj (.const:c)
                  0000a69e    00000008                       : xatan.obj (.const)
                  0000a6a6    00000004                       : asin.obj (.const)
                  0000a6aa    00000004                       : xatan.obj (.const:s)
                  0000a6ae    00000003     inv_mpu_dmp_motion_driver.obj (.const:.string:$P$T0$1)
                  0000a6b1    00000001     --HOLE-- [fill = 0]
                  0000a6b2    00000003     inv_mpu_dmp_motion_driver.obj (.const:.string:$P$T1$2)
                  0000a6b5    00000001     --HOLE-- [fill = 0]
                  0000a6b6    00000003     inv_mpu_dmp_motion_driver.obj (.const:.string:$P$T2$3)
                  0000a6b9    00000001     --HOLE-- [fill = 0]
                  0000a6ba    00000003     inv_mpu_dmp_motion_driver.obj (.const:.string:$P$T3$4)
                  0000a6bd    00000001     --HOLE-- [fill = 0]
                  0000a6be    00000002     inv_mpu_dmp_motion_driver.obj (.const)

.cinit     0    0000a6c0    0000026c     
                  0000a6c0    00000131     CtlFourAxis.obj (.cinit)
                  0000a7f1    00000001     --HOLE-- [fill = 0]
                  0000a7f2    0000005a     rts430x_lc_rd.lib : xvalues.obj (.cinit)
                  0000a84c    00000050                       : xfvalues.obj (.cinit)
                  0000a89c    00000024     msp430_clock.obj (.cinit)
                  0000a8c0    0000001a     inv_mpu.obj (.cinit)
                  0000a8da    00000015     inv_mpu_dmp_motion_driver.obj (.cinit)
                  0000a8ef    00000001     --HOLE-- [fill = 0]
                  0000a8f0    00000014     rts430x_lc_rd.lib : feraiseexcept.obj (.cinit)
                  0000a904    0000000a                       : _lock.obj (.cinit:_lock)
                  0000a90e    0000000a                       : _lock.obj (.cinit:_unlock)
                  0000a918    0000000a                       : signal.obj (.cinit)
                  0000a922    00000008                       : errno.obj (.cinit)
                  0000a92a    00000002     --HOLE-- [fill = 0]

.pinit     0    00004400    00000000     UNINITIALIZED

.text      0    000045c4    00005400     
                  000045c4    0000059e     inv_mpu.obj (.text:get_st_biases)
                  00004b62    0000039a     rts430x_lc_rd.lib : div64u.obj (.text:__divull)
                  00004efc    000002e0     inv_mpu_dmp_motion_driver.obj (.text:dmp_read_fifo)
                  000051dc    000002ce     CtlFourAxis.obj (.text:ANGLE_CALCULATE)
                  000054aa    00000278     bluth.obj (.text:Data_Send_PID1)
                  00005722    00000226     inv_mpu_dmp_motion_driver.obj (.text:dmp_enable_feature)
                  00005948    00000220     CtlFourAxis.obj (.text:MPU6050_INIT)
                  00005b68    0000021e     inv_mpu_dmp_motion_driver.obj (.text:dmp_set_gyro_bias)
                  00005d86    0000020c     inv_mpu_dmp_motion_driver.obj (.text:dmp_set_accel_bias)
                  00005f92    000001d4     inv_mpu.obj (.text:mpu_reset_fifo)
                  00006166    0000019e     bluth.obj (.text:Data_Send_Senser)
                  00006304    0000019e     inv_mpu_dmp_motion_driver.obj (.text:dmp_set_tap_thresh)
                  000064a2    0000019a     inv_mpu_dmp_motion_driver.obj (.text:dmp_set_orientation)
                  0000663c    00000196     inv_mpu.obj (.text:mpu_init)
                  000067d2    00000192     bluth.obj (.text:Data_Receive_Anl)
                  00006964    00000168     rts430x_lc_rd.lib : atan2.obj (.text:atan2)
                  00006acc    00000152     inv_mpu.obj (.text:gyro_self_test)
                  00006c1e    00000142     rts430x_lc_rd.lib : xatan.obj (.text:_Atan)
                  00006d60    00000140                       : div64s.obj (.text:__divlli)
                  00006ea0    0000013c     inv_mpu.obj (.text:mpu_set_bypass)
                  00006fdc    00000130     rts430x_lc_rd.lib : fs_add.obj (.text)
                  0000710c    0000012a     inv_mpu.obj (.text:mpu_run_self_test)
                  00007236    00000122     CtlFourAxis.obj (.text:PID_YALL)
                  00007358    00000120     CtlFourAxis.obj (.text:PID_PITCH)
                  00007478    0000011e     rts430x_lc_rd.lib : sqrt.obj (.text:sqrt)
                  00007596    0000011c     CtlFourAxis.obj (.text:PID_ROLL)
                  000076b2    0000011c     rts430x_lc_rd.lib : xfdscale.obj (.text:_FDscale)
                  000077ce    0000011a     bluth.obj (.text:Data_Send_Status)
                  000078e8    00000108     bluth.obj (.text:Data_Send_MotoPWM)
                  000079f0    000000fe     inv_mpu.obj (.text:accel_self_test)
                  00007aee    000000ec     rts430x_lc_rd.lib : asin.obj (.text:asin)
                  00007bda    000000ea     inv_mpu.obj (.text:get_accel_prod_shift)
                  00007cc4    000000e6     inv_mpu.obj (.text:mpu_lp_accel_mode)
                  00007daa    000000ce     CtlFourAxis.obj (.text:PWM_CALCULATE)
                  00007e78    000000c2     inv_mpu.obj (.text:mpu_load_firmware)
                  00007f3a    000000c2     inv_mpu.obj (.text:mpu_read_fifo_stream)
                  00007ffc    000000c0     inv_mpu.obj (.text:mpu_set_sensors)
                  000080bc    000000ba     i2c.obj (.text:SendByte)
                  00008176    000000b6     rts430x_lc_rd.lib : fs_mpy.obj (.text)
                  0000822c    00000098     inv_mpu.obj (.text:mpu_set_sample_rate)
                  000082c4    0000008e     rts430x_lc_rd.lib : fs_div.obj (.text)
                  00008352    0000008c                       : xfdnorm.obj (.text:_FDnorm)
                  000083de    00000080     inv_mpu.obj (.text:mpu_set_dmp_state)
                  0000845e    0000007e     i2c.obj (.text:RcvByte)
                  000084dc    0000007e     inv_mpu.obj (.text:mpu_set_gyro_fsr)
                  0000855a    0000007e     rts430x_lc_rd.lib : fs_tol.obj (.text)
                  000085d8    0000007c     inv_mpu.obj (.text:mpu_set_lpf)
                  00008654    0000007a     rts430x_lc_rd.lib : autoinit_wdt.obj (.text:_auto_init_hold_wdt)
                  000086ce    0000007a     inv_mpu.obj (.text:mpu_read_mem)
                  00008748    0000007a     inv_mpu.obj (.text:mpu_write_mem)
                  000087c2    00000078     bluth.obj (.text:Data_Receive_Ctl)
                  0000883a    00000078     i2c.obj (.text:IRcvStr)
                  000088b2    00000078     inv_mpu.obj (.text:mpu_set_accel_fsr)
                  0000892a    00000074     inv_mpu_dmp_motion_driver.obj (.text:dmp_set_fifo_rate)
                  0000899e    00000074     inv_mpu.obj (.text:set_int_enable)
                  00008a12    0000006c     int_clk.obj (.text:int_clk)
                  00008a7e    0000006a     CtlFourAxis.obj (.text:PWM_SET)
                  00008ae8    00000068     rts430x_lc_rd.lib : fs_toi.obj (.text)
                  00008b50    00000066     inv_mpu.obj (.text:mpu_configure_fifo)
                  00008bb6    00000064     rts430x_lc_rd.lib : xfdunsca.obj (.text:_FDunscale)
                  00008c1a    00000060     inv_mpu.obj (.text:mpu_set_int_latched)
                  00008c7a    0000005e     i2c.obj (.text:ISendStr)
                  00008cd8    0000005c     i2c.obj (.text:Start_I2c)
                  00008d34    0000005a     rts430x_lc_rd.lib : mult64_f5hw.obj (.text:__mpyll)
                  00008d8e    00000058                       : div32u.obj (.text)
                  00008de6    00000056     inv_mpu_dmp_motion_driver.obj (.text:dmp_set_shake_reject_thresh)
                  00008e3c    00000054     inv_mpu.obj (.text:mpu_get_lpf)
                  00008e90    00000052     bluth.obj (.text:Data_Send_Check)
                  00008ee2    00000052     int_clk.obj (.text:SetVcoreUp)
                  00008f34    00000050     inv_mpu_dmp_motion_driver.obj (.text:decode_gesture)
                  00008f84    0000004e     inv_mpu.obj (.text:mpu_get_gyro_sens)
                  00008fd2    0000004c     CtlFourAxis.obj (.text:main)
                  0000901e    0000004a     rts430x_lc_rd.lib : fs_cmp.obj (.text)
                  00009068    0000004a                       : fs_ltof.obj (.text)
                  000090b2    00000048     inv_mpu_dmp_motion_driver.obj (.text:dmp_enable_gyro_cal)
                  000090fa    00000046     inv_mpu.obj (.text:mpu_get_accel_sens)
                  00009140    00000046     rts430x_lc_rd.lib : fs_tou.obj (.text)
                  00009186    00000044     inv_mpu_dmp_motion_driver.obj (.text:dmp_enable_6x_lp_quat)
                  000091ca    00000044     inv_mpu_dmp_motion_driver.obj (.text:dmp_enable_lp_quat)
                  0000920e    00000040     rts430x_lc_rd.lib : asr64.obj (.text:__asrll)
                  0000924e    00000040     inv_mpu.obj (.text:mpu_get_accel_fsr)
                  0000928e    00000040     rts430x_lc_rd.lib : div32s.obj (.text)
                  000092ce    0000003e     i2c.obj (.text:Ack_I2c)
                  0000930c    0000003e     bluth.obj (.text:HexToDem)
                  0000934a    0000003e     i2c.obj (.text:NoAck_I2c)
                  00009388    0000003e     rts430x_lc_rd.lib : asr32.obj (.text:l_asr_const)
                  000093c6    0000003e                       : lsl32.obj (.text:l_lsl_const)
                  00009404    0000003c     inv_mpu.obj (.text:mpu_get_gyro_fsr)
                  00009440    0000003a     i2c.obj (.text:Stop_I2c)
                  0000947a    0000003a     rts430x_lc_rd.lib : lsl64.obj (.text:__lslll)
                  000094b4    0000003a                       : lsr64.obj (.text:__lsrll)
                  000094ee    00000038     CtlFourAxis.obj (.text:PWM_INIT)
                  00009526    00000038     rts430x_lc_rd.lib : signal.obj (.text:signal)
                  0000955e    00000036                       : xferaise.obj (.text:_Feraise)
                  00009594    00000036                       : fs_itof.obj (.text)
                  000095ca    00000034     bluth.obj (.text:Bluth_UART_Init)
                  000095fe    00000034     inv_mpu_dmp_motion_driver.obj (.text:dmp_set_tap_axes)
                  00009632    00000034     rts430x_lc_rd.lib : feraiseexcept.obj (.text:feraiseexcept)
                  00009666    00000032                       : raise.obj (.text:raise)
                  00009698    00000032                       : fs_ultof.obj (.text)
                  000096ca    0000002e     msp430_clock.obj (.text:msp430_delay_ms)
                  000096f8    0000002c     rts430x_lc_rd.lib : div16s.obj (.text)
                  00009724    00000028     inv_mpu_dmp_motion_driver.obj (.text:dmp_set_tap_count)
                  0000974c    00000026     CtlFourAxis.obj (.text:TIMEA1_INIT)
                  00009772    00000026     inv_mpu_dmp_motion_driver.obj (.text:dmp_set_shake_reject_time)
                  00009798    00000026     inv_mpu_dmp_motion_driver.obj (.text:dmp_set_shake_reject_timeout)
                  000097be    00000026     inv_mpu_dmp_motion_driver.obj (.text:dmp_set_tap_time)
                  000097e4    00000026     inv_mpu_dmp_motion_driver.obj (.text:dmp_set_tap_time_multi)
                  0000980a    00000026     rts430x_lc_rd.lib : memcmp.obj (.text:memcmp)
                  00009830    00000024                       : fs_utof.obj (.text)
                  00009854    00000022                       : mult32_f5hw.obj (.text)
                  00009876    0000001e     bluth.obj (.text:Uart0_Put_Buf)
                  00009894    00000018     inv_mpu_dmp_motion_driver.obj (.text:dmp_load_motion_driver_firmware)
                  000098ac    00000018     msp430_clock.obj (.text:msp430_get_clock_ms)
                  000098c4    00000016     rts430x_lc_rd.lib : llabs.obj (.text:llabs)
                  000098da    00000016                       : memset.obj (.text:memset)
                  000098f0    00000016                       : div16u.obj (.text)
                  00009906    00000016                       : mult16_f5hw.obj (.text)
                  0000991c    00000014                       : memcpy.obj (.text:memcpy)
                  00009930    00000014     inv_mpu.obj (.text:mpu_get_sample_rate)
                  00009944    00000010     rts430x_lc_rd.lib : lsr32.obj (.text:l_lsr)
                  00009954    0000000e                       : labs.obj (.text:labs)
                  00009962    0000000e     MSP430_IIC.obj (.text:msp430_i2c_read)
                  00009970    0000000e     MSP430_IIC.obj (.text:msp430_i2c_write)
                  0000997e    0000000a     inv_mpu.obj (.text:mpu_get_fifo_config)
                  00009988    0000000a     rts430x_lc_rd.lib : fs_neg.obj (.text)
                  00009992    0000000a                       : lsl16.obj (.text)
                  0000999c    0000000a                       : lsr16.obj (.text)
                  000099a6    00000008     bluth.obj (.text:BYTE1)
                  000099ae    00000004     bluth.obj (.text:BYTE0)
                  000099b2    00000004     rts430x_lc_rd.lib : xdscale.obj (.text:_Dscale)
                  000099b6    00000004                       : xdunscal.obj (.text:_Dunscale)
                  000099ba    00000004                       : pre_init.obj (.text:_system_pre_init)
                  000099be    00000004                       : exit.obj (.text:abort)
                  000099c2    00000002                       : _lock.obj (.text:_nop)

RTC        0    0000ffd2    00000002     
                  0000ffd2    00000002     rts430x_lc_rd.lib : int41.obj (.int41)

PORT2      0    0000ffd4    00000002     
                  0000ffd4    00000002     CtlFourAxis.obj (.int42)

TIMER2_A1 
*          0    0000ffd6    00000002     
                  0000ffd6    00000002     rts430x_lc_rd.lib : int43.obj (.int43)

TIMER2_A0 
*          0    0000ffd8    00000002     
                  0000ffd8    00000002     rts430x_lc_rd.lib : int44.obj (.int44)

USCI_B1    0    0000ffda    00000002     
                  0000ffda    00000002     rts430x_lc_rd.lib : int45.obj (.int45)

USCI_A1    0    0000ffdc    00000002     
                  0000ffdc    00000002     rts430x_lc_rd.lib : int46.obj (.int46)

PORT1      0    0000ffde    00000002     
                  0000ffde    00000002     rts430x_lc_rd.lib : int47.obj (.int47)

TIMER1_A1 
*          0    0000ffe0    00000002     
                  0000ffe0    00000002     CtlFourAxis.obj (.int48)

TIMER1_A0 
*          0    0000ffe2    00000002     
                  0000ffe2    00000002     rts430x_lc_rd.lib : int49.obj (.int49)

DMA        0    0000ffe4    00000002     
                  0000ffe4    00000002     rts430x_lc_rd.lib : int50.obj (.int50)

USB_UBM    0    0000ffe6    00000002     
                  0000ffe6    00000002     rts430x_lc_rd.lib : int51.obj (.int51)

TIMER0_A1 
*          0    0000ffe8    00000002     
                  0000ffe8    00000002     rts430x_lc_rd.lib : int52.obj (.int52)

TIMER0_A0 
*          0    0000ffea    00000002     
                  0000ffea    00000002     rts430x_lc_rd.lib : int53.obj (.int53)

ADC12      0    0000ffec    00000002     
                  0000ffec    00000002     rts430x_lc_rd.lib : int54.obj (.int54)

USCI_B0    0    0000ffee    00000002     
                  0000ffee    00000002     rts430x_lc_rd.lib : int55.obj (.int55)

USCI_A0    0    0000fff0    00000002     
                  0000fff0    00000002     CtlFourAxis.obj (.int56)

WDT        0    0000fff2    00000002     
                  0000fff2    00000002     rts430x_lc_rd.lib : int57.obj (.int57)

TIMER0_B1 
*          0    0000fff4    00000002     
                  0000fff4    00000002     rts430x_lc_rd.lib : int58.obj (.int58)

TIMER0_B0 
*          0    0000fff6    00000002     
                  0000fff6    00000002     msp430_clock.obj (.int59)

COMP_B     0    0000fff8    00000002     
                  0000fff8    00000002     rts430x_lc_rd.lib : int60.obj (.int60)

UNMI       0    0000fffa    00000002     
                  0000fffa    00000002     rts430x_lc_rd.lib : int61.obj (.int61)

SYSNMI     0    0000fffc    00000002     
                  0000fffc    00000002     rts430x_lc_rd.lib : int62.obj (.int62)

.reset     0    0000fffe    00000002     
                  0000fffe    00000002     rts430x_lc_rd.lib : boot.obj (.reset)


GLOBAL SYMBOLS: SORTED ALPHABETICALLY BY Name 

address   name                           
-------   ----                           
00002400  .bss                           
00002400  .data                          
ffffffff  .text                          
00000700  ADC12CTL0                      
00000701  ADC12CTL0_H                    
00000700  ADC12CTL0_L                    
00000702  ADC12CTL1                      
00000703  ADC12CTL1_H                    
00000702  ADC12CTL1_L                    
00000704  ADC12CTL2                      
00000705  ADC12CTL2_H                    
00000704  ADC12CTL2_L                    
0000070c  ADC12IE                        
0000070d  ADC12IE_H                      
0000070c  ADC12IE_L                      
0000070a  ADC12IFG                       
0000070b  ADC12IFG_H                     
0000070a  ADC12IFG_L                     
0000070e  ADC12IV                        
0000070f  ADC12IV_H                      
0000070e  ADC12IV_L                      
00000710  ADC12MCTL0                     
00000711  ADC12MCTL1                     
0000071a  ADC12MCTL10                    
0000071b  ADC12MCTL11                    
0000071c  ADC12MCTL12                    
0000071d  ADC12MCTL13                    
0000071e  ADC12MCTL14                    
0000071f  ADC12MCTL15                    
00000712  ADC12MCTL2                     
00000713  ADC12MCTL3                     
00000714  ADC12MCTL4                     
00000715  ADC12MCTL5                     
00000716  ADC12MCTL6                     
00000717  ADC12MCTL7                     
00000718  ADC12MCTL8                     
00000719  ADC12MCTL9                     
00000720  ADC12MEM0                      
00000721  ADC12MEM0_H                    
00000720  ADC12MEM0_L                    
00000722  ADC12MEM1                      
00000734  ADC12MEM10                     
00000735  ADC12MEM10_H                   
00000734  ADC12MEM10_L                   
00000736  ADC12MEM11                     
00000737  ADC12MEM11_H                   
00000736  ADC12MEM11_L                   
00000738  ADC12MEM12                     
00000739  ADC12MEM12_H                   
00000738  ADC12MEM12_L                   
0000073a  ADC12MEM13                     
0000073b  ADC12MEM13_H                   
0000073a  ADC12MEM13_L                   
0000073c  ADC12MEM14                     
0000073d  ADC12MEM14_H                   
0000073c  ADC12MEM14_L                   
0000073e  ADC12MEM15                     
0000073f  ADC12MEM15_H                   
0000073e  ADC12MEM15_L                   
00000723  ADC12MEM1_H                    
00000722  ADC12MEM1_L                    
00000724  ADC12MEM2                      
00000725  ADC12MEM2_H                    
00000724  ADC12MEM2_L                    
00000726  ADC12MEM3                      
00000727  ADC12MEM3_H                    
00000726  ADC12MEM3_L                    
00000728  ADC12MEM4                      
00000729  ADC12MEM4_H                    
00000728  ADC12MEM4_L                    
0000072a  ADC12MEM5                      
0000072b  ADC12MEM5_H                    
0000072a  ADC12MEM5_L                    
0000072c  ADC12MEM6                      
0000072d  ADC12MEM6_H                    
0000072c  ADC12MEM6_L                    
0000072e  ADC12MEM7                      
0000072f  ADC12MEM7_H                    
0000072e  ADC12MEM7_L                    
00000730  ADC12MEM8                      
00000731  ADC12MEM8_H                    
00000730  ADC12MEM8_L                    
00000732  ADC12MEM9                      
00000733  ADC12MEM9_H                    
00000732  ADC12MEM9_L                    
000051dc  ANGLE_CALCULATE                
000092ce  Ack_I2c                        
0000240a  Att_Angle                      
000099ae  BYTE0                          
000099a6  BYTE1                          
000095ca  Bluth_UART_Init                
000099be  C$$EXIT                        
000008c0  CBCTL0                         
000008c1  CBCTL0_H                       
000008c0  CBCTL0_L                       
000008c2  CBCTL1                         
000008c3  CBCTL1_H                       
000008c2  CBCTL1_L                       
000008c4  CBCTL2                         
000008c5  CBCTL2_H                       
000008c4  CBCTL2_L                       
000008c6  CBCTL3                         
000008c7  CBCTL3_H                       
000008c6  CBCTL3_L                       
000008cc  CBINT                          
000008cd  CBINT_H                        
000008cc  CBINT_L                        
000008ce  CBIV                           
00000150  CRCDI                          
00000152  CRCDIRB                        
00000153  CRCDIRB_H                      
00000152  CRCDIRB_L                      
00000151  CRCDI_H                        
00000150  CRCDI_L                        
00000154  CRCINIRES                      
00000155  CRCINIRES_H                    
00000154  CRCINIRES_L                    
00000156  CRCRESR                        
00000157  CRCRESR_H                      
00000156  CRCRESR_L                      
00002401  CpuTimePoll                    
00002536  Ctl_Rx_Count                   
00002534  Ctl_Rx_Flag                    
00000510  DMA0CTL                        
00000511  DMA0CTL_H                      
00000510  DMA0CTL_L                      
00000516  DMA0DA                         
00000518  DMA0DAH                        
00000516  DMA0DAL                        
00000512  DMA0SA                         
00000514  DMA0SAH                        
00000512  DMA0SAL                        
0000051a  DMA0SZ                         
00000520  DMA1CTL                        
00000521  DMA1CTL_H                      
00000520  DMA1CTL_L                      
00000526  DMA1DA                         
00000528  DMA1DAH                        
00000526  DMA1DAL                        
00000522  DMA1SA                         
00000524  DMA1SAH                        
00000522  DMA1SAL                        
0000052a  DMA1SZ                         
00000530  DMA2CTL                        
00000531  DMA2CTL_H                      
00000530  DMA2CTL_L                      
00000536  DMA2DA                         
00000538  DMA2DAH                        
00000536  DMA2DAL                        
00000532  DMA2SA                         
00000534  DMA2SAH                        
00000532  DMA2SAL                        
0000053a  DMA2SZ                         
00000500  DMACTL0                        
00000501  DMACTL0_H                      
00000500  DMACTL0_L                      
00000502  DMACTL1                        
00000503  DMACTL1_H                      
00000502  DMACTL1_L                      
00000504  DMACTL2                        
00000505  DMACTL2_H                      
00000504  DMACTL2_L                      
00000506  DMACTL3                        
00000507  DMACTL3_H                      
00000506  DMACTL3_L                      
00000508  DMACTL4                        
00000509  DMACTL4_H                      
00000508  DMACTL4_L                      
0000050e  DMAIV                          
0000050f  DMAIV_H                        
0000050e  DMAIV_L                        
00002512  DatRx                          
00004400  Dat_SendReceive                
00002537  Dat_num                        
000067d2  Data_Receive_Anl               
000087c2  Data_Receive_Ctl               
00008e90  Data_Send_Check                
000078e8  Data_Send_MotoPWM              
000054aa  Data_Send_PID1                 
00006166  Data_Send_Senser               
000077ce  Data_Send_Status               
00000140  FCTL1                          
00000141  FCTL1_H                        
00000140  FCTL1_L                        
00000144  FCTL3                          
00000145  FCTL3_H                        
00000144  FCTL3_L                        
00000146  FCTL4                          
00000147  FCTL4_H                        
00000146  FCTL4_L                        
000045b2  HC_SR06_ISR                    
0000930c  HexToDem                       
0000883a  IRcvStr                        
00008c7a  ISendStr                       
00009992  I_LSL                          
0000999c  I_LSR                          
000093c0  L_ASR_1                        
0000939c  L_ASR_10                       
00009398  L_ASR_11                       
00009394  L_ASR_12                       
00009390  L_ASR_13                       
0000938c  L_ASR_14                       
00009388  L_ASR_15                       
000093bc  L_ASR_2                        
000093b8  L_ASR_3                        
000093b4  L_ASR_4                        
000093b0  L_ASR_5                        
000093ac  L_ASR_6                        
000093a8  L_ASR_7                        
000093a4  L_ASR_8                        
000093a0  L_ASR_9                        
000093fe  L_LSL_1                        
000093da  L_LSL_10                       
000093d6  L_LSL_11                       
000093d2  L_LSL_12                       
000093ce  L_LSL_13                       
000093ca  L_LSL_14                       
000093c6  L_LSL_15                       
000093fa  L_LSL_2                        
000093f6  L_LSL_3                        
000093f2  L_LSL_4                        
000093ee  L_LSL_5                        
000093ea  L_LSL_6                        
000093e6  L_LSL_7                        
000093e2  L_LSL_8                        
000093de  L_LSL_9                        
00009944  L_LSR                          
000004c4  MAC                            
000004da  MAC32H                         
000004db  MAC32H_H                       
000004da  MAC32H_L                       
000004d8  MAC32L                         
000004d9  MAC32L_H                       
000004d8  MAC32L_L                       
000004c6  MACS                           
000004de  MACS32H                        
000004df  MACS32H_H                      
000004de  MACS32H_L                      
000004dc  MACS32L                        
000004dd  MACS32L_H                      
000004dc  MACS32L_L                      
000004c7  MACS_H                         
000004c6  MACS_L                         
000004c5  MAC_H                          
000004c4  MAC_L                          
00005948  MPU6050_INIT                   
000004c0  MPY                            
000004ec  MPY32CTL0                      
000004ed  MPY32CTL0_H                    
000004ec  MPY32CTL0_L                    
000004d2  MPY32H                         
000004d3  MPY32H_H                       
000004d2  MPY32H_L                       
000004d0  MPY32L                         
000004d1  MPY32L_H                       
000004d0  MPY32L_L                       
000004c2  MPYS                           
000004d6  MPYS32H                        
000004d7  MPYS32H_H                      
000004d6  MPYS32H_L                      
000004d4  MPYS32L                        
000004d5  MPYS32L_H                      
000004d4  MPYS32L_L                      
000004c3  MPYS_H                         
000004c2  MPYS_L                         
000004c1  MPY_H                          
000004c0  MPY_L                          
0000934a  NoAck_I2c                      
000004c8  OP2                            
000004e2  OP2H                           
000004e3  OP2H_H                         
000004e2  OP2H_L                         
000004e0  OP2L                           
000004e1  OP2L_H                         
000004e0  OP2L_L                         
000004c9  OP2_H                          
000004c8  OP2_L                          
0000020e  P1IV                           
0000021e  P2IV                           
000001e0  P4MAP01                        
000001e1  P4MAP01_H                      
000001e0  P4MAP01_L                      
000001e2  P4MAP23                        
000001e3  P4MAP23_H                      
000001e2  P4MAP23_L                      
000001e4  P4MAP45                        
000001e5  P4MAP45_H                      
000001e4  P4MAP45_L                      
000001e6  P4MAP67                        
000001e7  P4MAP67_H                      
000001e6  P4MAP67_L                      
00000204  PADIR                          
00000205  PADIR_H                        
00000204  PADIR_L                        
00000208  PADS                           
00000209  PADS_H                         
00000208  PADS_L                         
0000021a  PAIE                           
00000218  PAIES                          
00000219  PAIES_H                        
00000218  PAIES_L                        
0000021b  PAIE_H                         
0000021a  PAIE_L                         
0000021c  PAIFG                          
0000021d  PAIFG_H                        
0000021c  PAIFG_L                        
00000200  PAIN                           
00000201  PAIN_H                         
00000200  PAIN_L                         
00000202  PAOUT                          
00000203  PAOUT_H                        
00000202  PAOUT_L                        
00000206  PAREN                          
00000207  PAREN_H                        
00000206  PAREN_L                        
0000020a  PASEL                          
0000020b  PASEL_H                        
0000020a  PASEL_L                        
00000224  PBDIR                          
00000225  PBDIR_H                        
00000224  PBDIR_L                        
00000228  PBDS                           
00000229  PBDS_H                         
00000228  PBDS_L                         
00000220  PBIN                           
00000221  PBIN_H                         
00000220  PBIN_L                         
00000222  PBOUT                          
00000223  PBOUT_H                        
00000222  PBOUT_L                        
00000226  PBREN                          
00000227  PBREN_H                        
00000226  PBREN_L                        
0000022a  PBSEL                          
0000022b  PBSEL_H                        
0000022a  PBSEL_L                        
00000244  PCDIR                          
00000245  PCDIR_H                        
00000244  PCDIR_L                        
00000248  PCDS                           
00000249  PCDS_H                         
00000248  PCDS_L                         
00000240  PCIN                           
00000241  PCIN_H                         
00000240  PCIN_L                         
00000242  PCOUT                          
00000243  PCOUT_H                        
00000242  PCOUT_L                        
00000246  PCREN                          
00000247  PCREN_H                        
00000246  PCREN_L                        
0000024a  PCSEL                          
0000024b  PCSEL_H                        
0000024a  PCSEL_L                        
00000264  PDDIR                          
00000265  PDDIR_H                        
00000264  PDDIR_L                        
00000268  PDDS                           
00000269  PDDS_H                         
00000268  PDDS_L                         
00000260  PDIN                           
00000261  PDIN_H                         
00000260  PDIN_L                         
00000262  PDOUT                          
00000263  PDOUT_H                        
00000262  PDOUT_L                        
00000266  PDREN                          
00000267  PDREN_H                        
00000266  PDREN_L                        
0000026a  PDSEL                          
0000026b  PDSEL_H                        
0000026a  PDSEL_L                        
000044b8  PID_CONTROL                    
00007358  PID_PITCH                      
00007596  PID_ROLL                       
00007236  PID_YALL                       
00000324  PJDIR                          
00000325  PJDIR_H                        
00000324  PJDIR_L                        
00000328  PJDS                           
00000329  PJDS_H                         
00000328  PJDS_L                         
00000320  PJIN                           
00000321  PJIN_H                         
00000320  PJIN_L                         
00000322  PJOUT                          
00000323  PJOUT_H                        
00000322  PJOUT_L                        
00000326  PJREN                          
00000327  PJREN_H                        
00000326  PJREN_L                        
00000130  PM5CTL0                        
00000131  PM5CTL0_H                      
00000130  PM5CTL0_L                      
000001c2  PMAPCTL                        
000001c3  PMAPCTL_H                      
000001c2  PMAPCTL_L                      
000001c0  PMAPKEYID                      
000001c1  PMAPKEYID_H                    
000001c0  PMAPKEYID_L                    
00000120  PMMCTL0                        
00000121  PMMCTL0_H                      
00000120  PMMCTL0_L                      
00000122  PMMCTL1                        
00000123  PMMCTL1_H                      
00000122  PMMCTL1_L                      
0000012c  PMMIFG                         
0000012d  PMMIFG_H                       
0000012c  PMMIFG_L                       
0000012e  PMMRIE                         
0000012f  PMMRIE_H                       
0000012e  PMMRIE_L                       
00007daa  PWM_CALCULATE                  
000094ee  PWM_INIT                       
00008a7e  PWM_SET                        
0000246c  Pid_Out                        
00002496  Pid_Para_Pitch                 
00002472  Pid_Para_Roll                  
000024ba  Pid_Para_Yall                  
00002535  Pid_Rx_Count                   
00002532  Pid_Rx_Flag                    
00002533  Pid_Set_OK                     
00002406  Pitch_Moto_Offset              
0000244a  Pwm_Para                       
00000158  RCCTL0                         
00000159  RCCTL0_H                       
00000158  RCCTL0_L                       
000001b0  REFCTL0                        
000001b1  REFCTL0_H                      
000001b0  REFCTL0_L                      
000004e4  RES0                           
000004e5  RES0_H                         
000004e4  RES0_L                         
000004e6  RES1                           
000004e7  RES1_H                         
000004e6  RES1_L                         
000004e8  RES2                           
000004e9  RES2_H                         
000004e8  RES2_L                         
000004ea  RES3                           
000004eb  RES3_H                         
000004ea  RES3_L                         
000004cc  RESHI                          
000004cd  RESHI_H                        
000004cc  RESHI_L                        
000004ca  RESLO                          
000004cb  RESLO_H                        
000004ca  RESLO_L                        
000004ba  RTCADOWDAY                     
000004bb  RTCADOWDAY_H                   
000004ba  RTCADOWDAY_L                   
000004b8  RTCAMINHR                      
000004b9  RTCAMINHR_H                    
000004b8  RTCAMINHR_L                    
000004a0  RTCCTL01                       
000004a1  RTCCTL01_H                     
000004a0  RTCCTL01_L                     
000004a2  RTCCTL23                       
000004a3  RTCCTL23_H                     
000004a2  RTCCTL23_L                     
000004b4  RTCDATE                        
000004b5  RTCDATE_H                      
000004b4  RTCDATE_L                      
000004ae  RTCIV                          
000004ac  RTCPS                          
000004a8  RTCPS0CTL                      
000004a9  RTCPS0CTL_H                    
000004a8  RTCPS0CTL_L                    
000004aa  RTCPS1CTL                      
000004ab  RTCPS1CTL_H                    
000004aa  RTCPS1CTL_L                    
000004ad  RTCPS_H                        
000004ac  RTCPS_L                        
000004b0  RTCTIM0                        
000004b1  RTCTIM0_H                      
000004b0  RTCTIM0_L                      
000004b2  RTCTIM1                        
000004b3  RTCTIM1_H                      
000004b2  RTCTIM1_L                      
000004b6  RTCYEAR                        
000004b7  RTCYEAR_H                      
000004b6  RTCYEAR_L                      
0000845e  RcvByte                        
00002408  Roll_Moto_Offset               
00000100  SFRIE1                         
00000101  SFRIE1_H                       
00000100  SFRIE1_L                       
00000102  SFRIFG1                        
00000103  SFRIFG1_H                      
00000102  SFRIFG1_L                      
00000104  SFRRPCR                        
00000105  SFRRPCR_H                      
00000104  SFRRPCR_L                      
000004ce  SUMEXT                         
000004cf  SUMEXT_H                       
000004ce  SUMEXT_L                       
00000124  SVSMHCTL                       
00000125  SVSMHCTL_H                     
00000124  SVSMHCTL_L                     
00000128  SVSMIO                         
00000129  SVSMIO_H                       
00000128  SVSMIO_L                       
00000126  SVSMLCTL                       
00000127  SVSMLCTL_H                     
00000126  SVSMLCTL_L                     
00000198  SYSBERRIV                      
00000199  SYSBERRIV_H                    
00000198  SYSBERRIV_L                    
00000182  SYSBSLC                        
00000183  SYSBSLC_H                      
00000182  SYSBSLC_L                      
00000180  SYSCTL                         
00000181  SYSCTL_H                       
00000180  SYSCTL_L                       
00000186  SYSJMBC                        
00000187  SYSJMBC_H                      
00000186  SYSJMBC_L                      
00000188  SYSJMBI0                       
00000189  SYSJMBI0_H                     
00000188  SYSJMBI0_L                     
0000018a  SYSJMBI1                       
0000018b  SYSJMBI1_H                     
0000018a  SYSJMBI1_L                     
0000018c  SYSJMBO0                       
0000018d  SYSJMBO0_H                     
0000018c  SYSJMBO0_L                     
0000018e  SYSJMBO1                       
0000018f  SYSJMBO1_H                     
0000018e  SYSJMBO1_L                     
0000019e  SYSRSTIV                       
0000019f  SYSRSTIV_H                     
0000019e  SYSRSTIV_L                     
0000019c  SYSSNIV                        
0000019d  SYSSNIV_H                      
0000019c  SYSSNIV_L                      
0000019a  SYSUNIV                        
0000019b  SYSUNIV_H                      
0000019a  SYSUNIV_L                      
000080bc  SendByte                       
00002416  Sensor_Dat                     
00008ee2  SetVcoreUp                     
00002403  Sta_Ctl_Flag                   
00002400  Start_Flag                     
00008cd8  Start_I2c                      
00009440  Stop_I2c                       
00000352  TA0CCR0                        
00000354  TA0CCR1                        
00000356  TA0CCR2                        
00000358  TA0CCR3                        
0000035a  TA0CCR4                        
00000342  TA0CCTL0                       
00000344  TA0CCTL1                       
00000346  TA0CCTL2                       
00000348  TA0CCTL3                       
0000034a  TA0CCTL4                       
00000340  TA0CTL                         
00000360  TA0EX0                         
0000036e  TA0IV                          
00000350  TA0R                           
00000392  TA1CCR0                        
00000394  TA1CCR1                        
00000396  TA1CCR2                        
00000382  TA1CCTL0                       
00000384  TA1CCTL1                       
00000386  TA1CCTL2                       
00000380  TA1CTL                         
000003a0  TA1EX0                         
000003ae  TA1IV                          
00000390  TA1R                           
00000412  TA2CCR0                        
00000414  TA2CCR1                        
00000416  TA2CCR2                        
00000402  TA2CCTL0                       
00000404  TA2CCTL1                       
00000406  TA2CCTL2                       
00000400  TA2CTL                         
00000420  TA2EX0                         
0000042e  TA2IV                          
00000410  TA2R                           
000003d2  TB0CCR0                        
000003d4  TB0CCR1                        
000003d6  TB0CCR2                        
000003d8  TB0CCR3                        
000003da  TB0CCR4                        
000003dc  TB0CCR5                        
000003de  TB0CCR6                        
000003c2  TB0CCTL0                       
000003c4  TB0CCTL1                       
000003c6  TB0CCTL2                       
000003c8  TB0CCTL3                       
000003ca  TB0CCTL4                       
000003cc  TB0CCTL5                       
000003ce  TB0CCTL6                       
000003c0  TB0CTL                         
000003e0  TB0EX0                         
000003ee  TB0IV                          
000003d0  TB0R                           
0000974c  TIMEA1_INIT                    
00004556  TIMERB0_ISR                    
000005d0  UCA0ABCTL                      
000005c6  UCA0BRW                        
000005c7  UCA0BRW_H                      
000005c6  UCA0BRW_L                      
000005c0  UCA0CTLW0                      
000005c1  UCA0CTLW0_H                    
000005c0  UCA0CTLW0_L                    
000005dc  UCA0ICTL                       
000005dd  UCA0ICTL_H                     
000005dc  UCA0ICTL_L                     
000005d2  UCA0IRCTL                      
000005d3  UCA0IRCTL_H                    
000005d2  UCA0IRCTL_L                    
000005de  UCA0IV                         
000005c8  UCA0MCTL                       
000005cc  UCA0RXBUF                      
000005ca  UCA0STAT                       
000005ce  UCA0TXBUF                      
00000610  UCA1ABCTL                      
00000606  UCA1BRW                        
00000607  UCA1BRW_H                      
00000606  UCA1BRW_L                      
00000600  UCA1CTLW0                      
00000601  UCA1CTLW0_H                    
00000600  UCA1CTLW0_L                    
0000061c  UCA1ICTL                       
0000061d  UCA1ICTL_H                     
0000061c  UCA1ICTL_L                     
00000612  UCA1IRCTL                      
00000613  UCA1IRCTL_H                    
00000612  UCA1IRCTL_L                    
0000061e  UCA1IV                         
00000608  UCA1MCTL                       
0000060c  UCA1RXBUF                      
0000060a  UCA1STAT                       
0000060e  UCA1TXBUF                      
000005e6  UCB0BRW                        
000005e7  UCB0BRW_H                      
000005e6  UCB0BRW_L                      
000005e0  UCB0CTLW0                      
000005e1  UCB0CTLW0_H                    
000005e0  UCB0CTLW0_L                    
000005f0  UCB0I2COA                      
000005f1  UCB0I2COA_H                    
000005f0  UCB0I2COA_L                    
000005f2  UCB0I2CSA                      
000005f3  UCB0I2CSA_H                    
000005f2  UCB0I2CSA_L                    
000005fc  UCB0ICTL                       
000005fd  UCB0ICTL_H                     
000005fc  UCB0ICTL_L                     
000005fe  UCB0IV                         
000005ec  UCB0RXBUF                      
000005ea  UCB0STAT                       
000005ee  UCB0TXBUF                      
00000626  UCB1BRW                        
00000627  UCB1BRW_H                      
00000626  UCB1BRW_L                      
00000620  UCB1CTLW0                      
00000621  UCB1CTLW0_H                    
00000620  UCB1CTLW0_L                    
00000630  UCB1I2COA                      
00000631  UCB1I2COA_H                    
00000630  UCB1I2COA_L                    
00000632  UCB1I2CSA                      
00000633  UCB1I2CSA_H                    
00000632  UCB1I2CSA_L                    
0000063c  UCB1ICTL                       
0000063d  UCB1ICTL_H                     
0000063c  UCB1ICTL_L                     
0000063e  UCB1IV                         
0000062c  UCB1RXBUF                      
0000062a  UCB1STAT                       
0000062e  UCB1TXBUF                      
00000160  UCSCTL0                        
00000161  UCSCTL0_H                      
00000160  UCSCTL0_L                      
00000162  UCSCTL1                        
00000163  UCSCTL1_H                      
00000162  UCSCTL1_L                      
00000164  UCSCTL2                        
00000165  UCSCTL2_H                      
00000164  UCSCTL2_L                      
00000166  UCSCTL3                        
00000167  UCSCTL3_H                      
00000166  UCSCTL3_L                      
00000168  UCSCTL4                        
00000169  UCSCTL4_H                      
00000168  UCSCTL4_L                      
0000016a  UCSCTL5                        
0000016b  UCSCTL5_H                      
0000016a  UCSCTL5_L                      
0000016c  UCSCTL6                        
0000016d  UCSCTL6_H                      
0000016c  UCSCTL6_L                      
0000016e  UCSCTL7                        
0000016f  UCSCTL7_H                      
0000016e  UCSCTL7_L                      
00000170  UCSCTL8                        
00000171  UCSCTL8_H                      
00000170  UCSCTL8_L                      
00000902  USBCNF                         
00000903  USBCNF_H                       
00000902  USBCNF_L                       
0000093c  USBCTL                         
0000093a  USBFN                          
0000093b  USBFN_H                        
0000093a  USBFN_L                        
0000093f  USBFUNADR                      
0000093d  USBIE                          
00002378  USBIEP0BUF                     
000023c9  USBIEPBBAX_1                   
000023d1  USBIEPBBAX_2                   
000023d9  USBIEPBBAX_3                   
000023e1  USBIEPBBAX_4                   
000023e9  USBIEPBBAX_5                   
000023f1  USBIEPBBAX_6                   
000023f9  USBIEPBBAX_7                   
000023cd  USBIEPBBAY_1                   
000023d5  USBIEPBBAY_2                   
000023dd  USBIEPBBAY_3                   
000023e5  USBIEPBBAY_4                   
000023ed  USBIEPBBAY_5                   
000023f5  USBIEPBBAY_6                   
000023fd  USBIEPBBAY_7                   
000023ca  USBIEPBCTX_1                   
000023d2  USBIEPBCTX_2                   
000023da  USBIEPBCTX_3                   
000023e2  USBIEPBCTX_4                   
000023ea  USBIEPBCTX_5                   
000023f2  USBIEPBCTX_6                   
000023fa  USBIEPBCTX_7                   
000023ce  USBIEPBCTY_1                   
000023d6  USBIEPBCTY_2                   
000023de  USBIEPBCTY_3                   
000023e6  USBIEPBCTY_4                   
000023ee  USBIEPBCTY_5                   
000023f6  USBIEPBCTY_6                   
000023fe  USBIEPBCTY_7                   
00000920  USBIEPCNF_0                    
000023c8  USBIEPCNF_1                    
000023d0  USBIEPCNF_2                    
000023d8  USBIEPCNF_3                    
000023e0  USBIEPCNF_4                    
000023e8  USBIEPCNF_5                    
000023f0  USBIEPCNF_6                    
000023f8  USBIEPCNF_7                    
00000921  USBIEPCNT_0                    
0000092e  USBIEPIE                       
00000930  USBIEPIFG                      
000023cf  USBIEPSIZXY_1                  
000023d7  USBIEPSIZXY_2                  
000023df  USBIEPSIZXY_3                  
000023e7  USBIEPSIZXY_4                  
000023ef  USBIEPSIZXY_5                  
000023f7  USBIEPSIZXY_6                  
000023ff  USBIEPSIZXY_7                  
0000093e  USBIFG                         
00000900  USBKEYID                       
00000901  USBKEYID_H                     
00000900  USBKEYID_L                     
00000936  USBMAINT                       
00000937  USBMAINT_H                     
00000936  USBMAINT_L                     
00002370  USBOEP0BUF                     
00002389  USBOEPBBAX_1                   
00002391  USBOEPBBAX_2                   
00002399  USBOEPBBAX_3                   
000023a1  USBOEPBBAX_4                   
000023a9  USBOEPBBAX_5                   
000023b1  USBOEPBBAX_6                   
000023b9  USBOEPBBAX_7                   
0000238d  USBOEPBBAY_1                   
00002395  USBOEPBBAY_2                   
0000239d  USBOEPBBAY_3                   
000023a5  USBOEPBBAY_4                   
000023ad  USBOEPBBAY_5                   
000023b5  USBOEPBBAY_6                   
000023bd  USBOEPBBAY_7                   
0000238a  USBOEPBCTX_1                   
00002392  USBOEPBCTX_2                   
0000239a  USBOEPBCTX_3                   
000023a2  USBOEPBCTX_4                   
000023aa  USBOEPBCTX_5                   
000023b2  USBOEPBCTX_6                   
000023ba  USBOEPBCTX_7                   
0000238e  USBOEPBCTY_1                   
00002396  USBOEPBCTY_2                   
0000239e  USBOEPBCTY_3                   
000023a6  USBOEPBCTY_4                   
000023ae  USBOEPBCTY_5                   
000023b6  USBOEPBCTY_6                   
000023be  USBOEPBCTY_7                   
00000922  USBOEPCNF_0                    
00002388  USBOEPCNF_1                    
00002390  USBOEPCNF_2                    
00002398  USBOEPCNF_3                    
000023a0  USBOEPCNF_4                    
000023a8  USBOEPCNF_5                    
000023b0  USBOEPCNF_6                    
000023b8  USBOEPCNF_7                    
00000923  USBOEPCNT_0                    
0000092f  USBOEPIE                       
00000931  USBOEPIFG                      
0000238f  USBOEPSIZXY_1                  
00002397  USBOEPSIZXY_2                  
0000239f  USBOEPSIZXY_3                  
000023a7  USBOEPSIZXY_4                  
000023af  USBOEPSIZXY_5                  
000023b7  USBOEPSIZXY_6                  
000023bf  USBOEPSIZXY_7                  
00000904  USBPHYCTL                      
00000905  USBPHYCTL_H                    
00000904  USBPHYCTL_L                    
00000910  USBPLLCTL                      
00000911  USBPLLCTL_H                    
00000910  USBPLLCTL_L                    
00000912  USBPLLDIVB                     
00000913  USBPLLDIVB_H                   
00000912  USBPLLDIVB_L                   
00000914  USBPLLIR                       
00000915  USBPLLIR_H                     
00000914  USBPLLIR_L                     
00000908  USBPWRCTL                      
00000909  USBPWRCTL_H                    
00000908  USBPWRCTL_L                    
00001c00  USBSTABUFF                     
00002380  USBSUBLK                       
0000236f  USBTOPBUFF                     
00000938  USBTSREG                       
00000939  USBTSREG_H                     
00000938  USBTSREG_L                     
00000932  USBVECINT                      
00000933  USBVECINT_H                    
00000932  USBVECINT_L                    
00009876  Uart0_Put_Buf                  
00002402  Uart_Work_Flag                 
0000015c  WDTCTL                         
0000015d  WDTCTL_H                       
0000015c  WDTCTL_L                       
00006c1e  _Atan                          
000025e8  _Denorm                        
000099b2  _Dscale                        
000099b6  _Dunscale                      
000025f8  _Eps                           
00002752  _Errno                         
00002660  _FDenorm                       
00008352  _FDnorm                        
000076b2  _FDscale                       
00008bb6  _FDunscale                     
00002670  _FEps                          
00002680  _FInf                          
00002690  _FNan                          
000026b0  _FRteps                        
000026a0  _FSnan                         
000026c0  _FXbig                         
000026c4  _FZero                         
00002742  _Fenv                          
0000955e  _Feraise                       
00002608  _Hugeval                       
00002618  _Inf                           
00002628  _Nan                           
00002648  _Rteps                         
00002638  _Snan                          
00002746  _Tls_setup__Fenv               
00002658  _Xbig                          
0000265c  _Zero                          
00004400  __STACK_END                    
000000a0  __STACK_SIZE                   
000045be  __TI_ISR_TRAP                  
0000ffd2  __TI_int41                     
0000ffd4  __TI_int42                     
0000ffd6  __TI_int43                     
0000ffd8  __TI_int44                     
0000ffda  __TI_int45                     
0000ffdc  __TI_int46                     
0000ffde  __TI_int47                     
0000ffe0  __TI_int48                     
0000ffe2  __TI_int49                     
0000ffe4  __TI_int50                     
0000ffe6  __TI_int51                     
0000ffe8  __TI_int52                     
0000ffea  __TI_int53                     
0000ffec  __TI_int54                     
0000ffee  __TI_int55                     
0000fff0  __TI_int56                     
0000fff2  __TI_int57                     
0000fff4  __TI_int58                     
0000fff6  __TI_int59                     
0000fff8  __TI_int60                     
0000fffa  __TI_int61                     
0000fffc  __TI_int62                     
0000920e  __asrll                        
ffffffff  __binit__                      
00002400  __bss__                        
ffffffff  __c_args__                     
0000a6c0  __cinit__                      
00002400  __data__                       
000096f8  __divi                         
0000928e  __divli                        
00006d60  __divlli                       
000098f0  __divu                         
00008d8e  __divul                        
00004b62  __divull                       
00002400  __edata__                      
00002755  __end__                        
ffffffff  __etext__                      
00006fe2  __fs_add                       
0000901e  __fs_cmp                       
000082c4  __fs_div                       
00009594  __fs_itof                      
00009068  __fs_ltof                      
00008176  __fs_mpy                       
00009988  __fs_neg                       
00006fdc  __fs_sub                       
00008ae8  __fs_toi                       
0000855a  __fs_tol                       
00009140  __fs_tou                       
00009698  __fs_ultof                     
00009830  __fs_utof                      
0000947a  __lslll                        
000094b4  __lsrll                        
00009906  __mpyi_f5hw                    
00009854  __mpyl_f5hw                    
00008d34  __mpyll_f5hw                   
ffffffff  __pinit__                      
000096f8  __remi                         
0000928e  __remli                        
000098f0  __remu                         
00008d8e  __remul                        
ffffffff  __text__                       
00008654  _auto_init_hold_wdt            
00004598  _c_int00_noargs_noexit         
0000274a  _lock                          
000099c2  _nop                           
0000fffe  _reset_vector                  
00004360  _stack                         
000099ba  _system_pre_init               
0000274e  _unlock                        
000099be  abort                          
000024f6  accel                          
00002754  ack                            
00007aee  asin                           
00006964  atan2                          
ffffffff  binit                          
0000a6c0  cinit                          
00002714  clock                          
000026f4  data_to_send                   
00009186  dmp_enable_6x_lp_quat          
00005722  dmp_enable_feature             
000090b2  dmp_enable_gyro_cal            
000091ca  dmp_enable_lp_quat             
0000250e  dmp_features                   
00009894  dmp_load_motion_driver_firmware
00004efc  dmp_read_fifo                  
00005d86  dmp_set_accel_bias             
0000892a  dmp_set_fifo_rate              
00005b68  dmp_set_gyro_bias              
000064a2  dmp_set_orientation            
00008de6  dmp_set_shake_reject_thresh    
00009772  dmp_set_shake_reject_time      
00009798  dmp_set_shake_reject_timeout   
000095fe  dmp_set_tap_axes               
00009724  dmp_set_tap_count              
00006304  dmp_set_tap_thresh             
000097be  dmp_set_tap_time               
000097e4  dmp_set_tap_time_multi         
00002400  edata                          
00002755  end                            
ffffffff  etext                          
00009632  feraiseexcept                  
000024f0  gyro                           
00002446  gyro_roll                      
0000a5d8  hw                             
00008a12  int_clk                        
00009954  labs                           
000098c4  llabs                          
00008fd2  main                           
0000980a  memcmp                         
0000991c  memcpy                         
000098da  memset                         
000024ee  more                           
00008b50  mpu_configure_fifo             
0000924e  mpu_get_accel_fsr              
000090fa  mpu_get_accel_sens             
0000997e  mpu_get_fifo_config            
00009404  mpu_get_gyro_fsr               
00008f84  mpu_get_gyro_sens              
00008e3c  mpu_get_lpf                    
00009930  mpu_get_sample_rate            
0000663c  mpu_init                       
00007e78  mpu_load_firmware              
00007cc4  mpu_lp_accel_mode              
00007f3a  mpu_read_fifo_stream           
000086ce  mpu_read_mem                   
00005f92  mpu_reset_fifo                 
0000710c  mpu_run_self_test              
000088b2  mpu_set_accel_fsr              
00006ea0  mpu_set_bypass                 
000083de  mpu_set_dmp_state              
000084dc  mpu_set_gyro_fsr               
00008c1a  mpu_set_int_latched            
000085d8  mpu_set_lpf                    
0000822c  mpu_set_sample_rate            
00007ffc  mpu_set_sensors                
00008748  mpu_write_mem                  
000096ca  msp430_delay_ms                
000098ac  msp430_get_clock_ms            
00009962  msp430_i2c_read                
00009970  msp430_i2c_write               
000024e8  new_gyro                       
ffffffff  pinit                          
000024fe  quad                           
00009666  raise                          
0000a5ba  reg                            
000024ea  sensor_timestamp               
000024fc  sensors                        
00009526  signal                         
00007478  sqrt                           
00002432  temp1                          
00002436  temp2                          
0000243a  temp3                          
0000243e  temp4                          
00002442  temp5                          
00002510  temp_buf                       
0000a5e4  test                           
00002404  time                           
00002405  time1                          
00002422  w                              
00002426  x                              
0000242a  y                              
0000242e  z                              


GLOBAL SYMBOLS: SORTED BY Symbol Address 

address   name                           
-------   ----                           
000000a0  __STACK_SIZE                   
00000100  SFRIE1                         
00000100  SFRIE1_L                       
00000101  SFRIE1_H                       
00000102  SFRIFG1                        
00000102  SFRIFG1_L                      
00000103  SFRIFG1_H                      
00000104  SFRRPCR                        
00000104  SFRRPCR_L                      
00000105  SFRRPCR_H                      
00000120  PMMCTL0                        
00000120  PMMCTL0_L                      
00000121  PMMCTL0_H                      
00000122  PMMCTL1                        
00000122  PMMCTL1_L                      
00000123  PMMCTL1_H                      
00000124  SVSMHCTL                       
00000124  SVSMHCTL_L                     
00000125  SVSMHCTL_H                     
00000126  SVSMLCTL                       
00000126  SVSMLCTL_L                     
00000127  SVSMLCTL_H                     
00000128  SVSMIO                         
00000128  SVSMIO_L                       
00000129  SVSMIO_H                       
0000012c  PMMIFG                         
0000012c  PMMIFG_L                       
0000012d  PMMIFG_H                       
0000012e  PMMRIE                         
0000012e  PMMRIE_L                       
0000012f  PMMRIE_H                       
00000130  PM5CTL0                        
00000130  PM5CTL0_L                      
00000131  PM5CTL0_H                      
00000140  FCTL1                          
00000140  FCTL1_L                        
00000141  FCTL1_H                        
00000144  FCTL3                          
00000144  FCTL3_L                        
00000145  FCTL3_H                        
00000146  FCTL4                          
00000146  FCTL4_L                        
00000147  FCTL4_H                        
00000150  CRCDI                          
00000150  CRCDI_L                        
00000151  CRCDI_H                        
00000152  CRCDIRB                        
00000152  CRCDIRB_L                      
00000153  CRCDIRB_H                      
00000154  CRCINIRES                      
00000154  CRCINIRES_L                    
00000155  CRCINIRES_H                    
00000156  CRCRESR                        
00000156  CRCRESR_L                      
00000157  CRCRESR_H                      
00000158  RCCTL0                         
00000158  RCCTL0_L                       
00000159  RCCTL0_H                       
0000015c  WDTCTL                         
0000015c  WDTCTL_L                       
0000015d  WDTCTL_H                       
00000160  UCSCTL0                        
00000160  UCSCTL0_L                      
00000161  UCSCTL0_H                      
00000162  UCSCTL1                        
00000162  UCSCTL1_L                      
00000163  UCSCTL1_H                      
00000164  UCSCTL2                        
00000164  UCSCTL2_L                      
00000165  UCSCTL2_H                      
00000166  UCSCTL3                        
00000166  UCSCTL3_L                      
00000167  UCSCTL3_H                      
00000168  UCSCTL4                        
00000168  UCSCTL4_L                      
00000169  UCSCTL4_H                      
0000016a  UCSCTL5                        
0000016a  UCSCTL5_L                      
0000016b  UCSCTL5_H                      
0000016c  UCSCTL6                        
0000016c  UCSCTL6_L                      
0000016d  UCSCTL6_H                      
0000016e  UCSCTL7                        
0000016e  UCSCTL7_L                      
0000016f  UCSCTL7_H                      
00000170  UCSCTL8                        
00000170  UCSCTL8_L                      
00000171  UCSCTL8_H                      
00000180  SYSCTL                         
00000180  SYSCTL_L                       
00000181  SYSCTL_H                       
00000182  SYSBSLC                        
00000182  SYSBSLC_L                      
00000183  SYSBSLC_H                      
00000186  SYSJMBC                        
00000186  SYSJMBC_L                      
00000187  SYSJMBC_H                      
00000188  SYSJMBI0                       
00000188  SYSJMBI0_L                     
00000189  SYSJMBI0_H                     
0000018a  SYSJMBI1                       
0000018a  SYSJMBI1_L                     
0000018b  SYSJMBI1_H                     
0000018c  SYSJMBO0                       
0000018c  SYSJMBO0_L                     
0000018d  SYSJMBO0_H                     
0000018e  SYSJMBO1                       
0000018e  SYSJMBO1_L                     
0000018f  SYSJMBO1_H                     
00000198  SYSBERRIV                      
00000198  SYSBERRIV_L                    
00000199  SYSBERRIV_H                    
0000019a  SYSUNIV                        
0000019a  SYSUNIV_L                      
0000019b  SYSUNIV_H                      
0000019c  SYSSNIV                        
0000019c  SYSSNIV_L                      
0000019d  SYSSNIV_H                      
0000019e  SYSRSTIV                       
0000019e  SYSRSTIV_L                     
0000019f  SYSRSTIV_H                     
000001b0  REFCTL0                        
000001b0  REFCTL0_L                      
000001b1  REFCTL0_H                      
000001c0  PMAPKEYID                      
000001c0  PMAPKEYID_L                    
000001c1  PMAPKEYID_H                    
000001c2  PMAPCTL                        
000001c2  PMAPCTL_L                      
000001c3  PMAPCTL_H                      
000001e0  P4MAP01                        
000001e0  P4MAP01_L                      
000001e1  P4MAP01_H                      
000001e2  P4MAP23                        
000001e2  P4MAP23_L                      
000001e3  P4MAP23_H                      
000001e4  P4MAP45                        
000001e4  P4MAP45_L                      
000001e5  P4MAP45_H                      
000001e6  P4MAP67                        
000001e6  P4MAP67_L                      
000001e7  P4MAP67_H                      
00000200  PAIN                           
00000200  PAIN_L                         
00000201  PAIN_H                         
00000202  PAOUT                          
00000202  PAOUT_L                        
00000203  PAOUT_H                        
00000204  PADIR                          
00000204  PADIR_L                        
00000205  PADIR_H                        
00000206  PAREN                          
00000206  PAREN_L                        
00000207  PAREN_H                        
00000208  PADS                           
00000208  PADS_L                         
00000209  PADS_H                         
0000020a  PASEL                          
0000020a  PASEL_L                        
0000020b  PASEL_H                        
0000020e  P1IV                           
00000218  PAIES                          
00000218  PAIES_L                        
00000219  PAIES_H                        
0000021a  PAIE                           
0000021a  PAIE_L                         
0000021b  PAIE_H                         
0000021c  PAIFG                          
0000021c  PAIFG_L                        
0000021d  PAIFG_H                        
0000021e  P2IV                           
00000220  PBIN                           
00000220  PBIN_L                         
00000221  PBIN_H                         
00000222  PBOUT                          
00000222  PBOUT_L                        
00000223  PBOUT_H                        
00000224  PBDIR                          
00000224  PBDIR_L                        
00000225  PBDIR_H                        
00000226  PBREN                          
00000226  PBREN_L                        
00000227  PBREN_H                        
00000228  PBDS                           
00000228  PBDS_L                         
00000229  PBDS_H                         
0000022a  PBSEL                          
0000022a  PBSEL_L                        
0000022b  PBSEL_H                        
00000240  PCIN                           
00000240  PCIN_L                         
00000241  PCIN_H                         
00000242  PCOUT                          
00000242  PCOUT_L                        
00000243  PCOUT_H                        
00000244  PCDIR                          
00000244  PCDIR_L                        
00000245  PCDIR_H                        
00000246  PCREN                          
00000246  PCREN_L                        
00000247  PCREN_H                        
00000248  PCDS                           
00000248  PCDS_L                         
00000249  PCDS_H                         
0000024a  PCSEL                          
0000024a  PCSEL_L                        
0000024b  PCSEL_H                        
00000260  PDIN                           
00000260  PDIN_L                         
00000261  PDIN_H                         
00000262  PDOUT                          
00000262  PDOUT_L                        
00000263  PDOUT_H                        
00000264  PDDIR                          
00000264  PDDIR_L                        
00000265  PDDIR_H                        
00000266  PDREN                          
00000266  PDREN_L                        
00000267  PDREN_H                        
00000268  PDDS                           
00000268  PDDS_L                         
00000269  PDDS_H                         
0000026a  PDSEL                          
0000026a  PDSEL_L                        
0000026b  PDSEL_H                        
00000320  PJIN                           
00000320  PJIN_L                         
00000321  PJIN_H                         
00000322  PJOUT                          
00000322  PJOUT_L                        
00000323  PJOUT_H                        
00000324  PJDIR                          
00000324  PJDIR_L                        
00000325  PJDIR_H                        
00000326  PJREN                          
00000326  PJREN_L                        
00000327  PJREN_H                        
00000328  PJDS                           
00000328  PJDS_L                         
00000329  PJDS_H                         
00000340  TA0CTL                         
00000342  TA0CCTL0                       
00000344  TA0CCTL1                       
00000346  TA0CCTL2                       
00000348  TA0CCTL3                       
0000034a  TA0CCTL4                       
00000350  TA0R                           
00000352  TA0CCR0                        
00000354  TA0CCR1                        
00000356  TA0CCR2                        
00000358  TA0CCR3                        
0000035a  TA0CCR4                        
00000360  TA0EX0                         
0000036e  TA0IV                          
00000380  TA1CTL                         
00000382  TA1CCTL0                       
00000384  TA1CCTL1                       
00000386  TA1CCTL2                       
00000390  TA1R                           
00000392  TA1CCR0                        
00000394  TA1CCR1                        
[...]
00000723  ADC12MEM1_H                    
00000724  ADC12MEM2                      
00000724  ADC12MEM2_L                    
00000725  ADC12MEM2_H                    
00000726  ADC12MEM3                      
00000726  ADC12MEM3_L                    
00000727  ADC12MEM3_H                    
00000728  ADC12MEM4                      
00000728  ADC12MEM4_L                    
00000729  ADC12MEM4_H                    
0000072a  ADC12MEM5                      
0000072a  ADC12MEM5_L                    
0000072b  ADC12MEM5_H                    
0000072c  ADC12MEM6                      
0000072c  ADC12MEM6_L                    
0000072d  ADC12MEM6_H                    
0000072e  ADC12MEM7                      
0000072e  ADC12MEM7_L                    
0000072f  ADC12MEM7_H                    
00000730  ADC12MEM8                      
00000730  ADC12MEM8_L                    
00000731  ADC12MEM8_H                    
00000732  ADC12MEM9                      
00000732  ADC12MEM9_L                    
00000733  ADC12MEM9_H                    
00000734  ADC12MEM10                     
00000734  ADC12MEM10_L                   
00000735  ADC12MEM10_H                   
00000736  ADC12MEM11                     
00000736  ADC12MEM11_L                   
00000737  ADC12MEM11_H                   
00000738  ADC12MEM12                     
00000738  ADC12MEM12_L                   
00000739  ADC12MEM12_H                   
0000073a  ADC12MEM13                     
0000073a  ADC12MEM13_L                   
0000073b  ADC12MEM13_H                   
0000073c  ADC12MEM14                     
0000073c  ADC12MEM14_L                   
0000073d  ADC12MEM14_H                   
0000073e  ADC12MEM15                     
0000073e  ADC12MEM15_L                   
0000073f  ADC12MEM15_H                   
000008c0  CBCTL0                         
000008c0  CBCTL0_L                       
000008c1  CBCTL0_H                       
000008c2  CBCTL1                         
000008c2  CBCTL1_L                       
000008c3  CBCTL1_H                       
000008c4  CBCTL2                         
000008c4  CBCTL2_L                       
000008c5  CBCTL2_H                       
000008c6  CBCTL3                         
000008c6  CBCTL3_L                       
000008c7  CBCTL3_H                       
000008cc  CBINT                          
000008cc  CBINT_L                        
000008cd  CBINT_H                        
000008ce  CBIV                           
00000900  USBKEYID                       
00000900  USBKEYID_L                     
00000901  USBKEYID_H                     
00000902  USBCNF                         
00000902  USBCNF_L                       
00000903  USBCNF_H                       
00000904  USBPHYCTL                      
00000904  USBPHYCTL_L                    
00000905  USBPHYCTL_H                    
00000908  USBPWRCTL                      
00000908  USBPWRCTL_L                    
00000909  USBPWRCTL_H                    
00000910  USBPLLCTL                      
00000910  USBPLLCTL_L                    
00000911  USBPLLCTL_H                    
00000912  USBPLLDIVB                     
00000912  USBPLLDIVB_L                   
00000913  USBPLLDIVB_H                   
00000914  USBPLLIR                       
00000914  USBPLLIR_L                     
00000915  USBPLLIR_H                     
00000920  USBIEPCNF_0                    
00000921  USBIEPCNT_0                    
00000922  USBOEPCNF_0                    
00000923  USBOEPCNT_0                    
0000092e  USBIEPIE                       
0000092f  USBOEPIE                       
00000930  USBIEPIFG                      
00000931  USBOEPIFG                      
00000932  USBVECINT                      
00000932  USBVECINT_L                    
00000933  USBVECINT_H                    
00000936  USBMAINT                       
00000936  USBMAINT_L                     
00000937  USBMAINT_H                     
00000938  USBTSREG                       
00000938  USBTSREG_L                     
00000939  USBTSREG_H                     
0000093a  USBFN                          
0000093a  USBFN_L                        
0000093b  USBFN_H                        
0000093c  USBCTL                         
0000093d  USBIE                          
0000093e  USBIFG                         
0000093f  USBFUNADR                      
00001c00  USBSTABUFF                     
0000236f  USBTOPBUFF                     
00002370  USBOEP0BUF                     
00002378  USBIEP0BUF                     
00002380  USBSUBLK                       
00002388  USBOEPCNF_1                    
00002389  USBOEPBBAX_1                   
0000238a  USBOEPBCTX_1                   
0000238d  USBOEPBBAY_1                   
0000238e  USBOEPBCTY_1                   
0000238f  USBOEPSIZXY_1                  
00002390  USBOEPCNF_2                    
00002391  USBOEPBBAX_2                   
00002392  USBOEPBCTX_2                   
00002395  USBOEPBBAY_2                   
00002396  USBOEPBCTY_2                   
00002397  USBOEPSIZXY_2                  
00002398  USBOEPCNF_3                    
00002399  USBOEPBBAX_3                   
0000239a  USBOEPBCTX_3                   
0000239d  USBOEPBBAY_3                   
0000239e  USBOEPBCTY_3                   
0000239f  USBOEPSIZXY_3                  
000023a0  USBOEPCNF_4                    
000023a1  USBOEPBBAX_4                   
000023a2  USBOEPBCTX_4                   
000023a5  USBOEPBBAY_4                   
000023a6  USBOEPBCTY_4                   
000023a7  USBOEPSIZXY_4                  
000023a8  USBOEPCNF_5                    
000023a9  USBOEPBBAX_5                   
000023aa  USBOEPBCTX_5                   
000023ad  USBOEPBBAY_5                   
000023ae  USBOEPBCTY_5                   
000023af  USBOEPSIZXY_5                  
000023b0  USBOEPCNF_6                    
000023b1  USBOEPBBAX_6                   
000023b2  USBOEPBCTX_6                   
000023b5  USBOEPBBAY_6                   
000023b6  USBOEPBCTY_6                   
000023b7  USBOEPSIZXY_6                  
000023b8  USBOEPCNF_7                    
000023b9  USBOEPBBAX_7                   
000023ba  USBOEPBCTX_7                   
000023bd  USBOEPBBAY_7                   
000023be  USBOEPBCTY_7                   
000023bf  USBOEPSIZXY_7                  
000023c8  USBIEPCNF_1                    
000023c9  USBIEPBBAX_1                   
000023ca  USBIEPBCTX_1                   
000023cd  USBIEPBBAY_1                   
000023ce  USBIEPBCTY_1                   
000023cf  USBIEPSIZXY_1                  
000023d0  USBIEPCNF_2                    
000023d1  USBIEPBBAX_2                   
000023d2  USBIEPBCTX_2                   
000023d5  USBIEPBBAY_2                   
000023d6  USBIEPBCTY_2                   
000023d7  USBIEPSIZXY_2                  
000023d8  USBIEPCNF_3                    
000023d9  USBIEPBBAX_3                   
000023da  USBIEPBCTX_3                   
000023dd  USBIEPBBAY_3                   
000023de  USBIEPBCTY_3                   
000023df  USBIEPSIZXY_3                  
000023e0  USBIEPCNF_4                    
000023e1  USBIEPBBAX_4                   
000023e2  USBIEPBCTX_4                   
000023e5  USBIEPBBAY_4                   
000023e6  USBIEPBCTY_4                   
000023e7  USBIEPSIZXY_4                  
000023e8  USBIEPCNF_5                    
000023e9  USBIEPBBAX_5                   
000023ea  USBIEPBCTX_5                   
000023ed  USBIEPBBAY_5                   
000023ee  USBIEPBCTY_5                   
000023ef  USBIEPSIZXY_5                  
000023f0  USBIEPCNF_6                    
000023f1  USBIEPBBAX_6                   
000023f2  USBIEPBCTX_6                   
000023f5  USBIEPBBAY_6                   
000023f6  USBIEPBCTY_6                   
000023f7  USBIEPSIZXY_6                  
000023f8  USBIEPCNF_7                    
000023f9  USBIEPBBAX_7                   
000023fa  USBIEPBCTX_7                   
000023fd  USBIEPBBAY_7                   
000023fe  USBIEPBCTY_7                   
000023ff  USBIEPSIZXY_7                  
00002400  .bss                           
00002400  .data                          
00002400  Start_Flag                     
00002400  __bss__                        
00002400  __data__                       
00002400  __edata__                      
00002400  edata                          
00002401  CpuTimePoll                    
00002402  Uart_Work_Flag                 
00002403  Sta_Ctl_Flag                   
00002404  time                           
00002405  time1                          
00002406  Pitch_Moto_Offset              
00002408  Roll_Moto_Offset               
0000240a  Att_Angle                      
00002416  Sensor_Dat                     
00002422  w                              
00002426  x                              
0000242a  y                              
0000242e  z                              
00002432  temp1                          
00002436  temp2                          
0000243a  temp3                          
0000243e  temp4                          
00002442  temp5                          
00002446  gyro_roll                      
0000244a  Pwm_Para                       
0000246c  Pid_Out                        
00002472  Pid_Para_Roll                  
00002496  Pid_Para_Pitch                 
000024ba  Pid_Para_Yall                  
000024e8  new_gyro                       
000024ea  sensor_timestamp               
000024ee  more                           
000024f0  gyro                           
000024f6  accel                          
000024fc  sensors                        
000024fe  quad                           
0000250e  dmp_features                   
00002510  temp_buf                       
00002512  DatRx                          
00002532  Pid_Rx_Flag                    
00002533  Pid_Set_OK                     
00002534  Ctl_Rx_Flag                    
00002535  Pid_Rx_Count                   
00002536  Ctl_Rx_Count                   
00002537  Dat_num                        
000025e8  _Denorm                        
000025f8  _Eps                           
00002608  _Hugeval                       
00002618  _Inf                           
00002628  _Nan                           
00002638  _Snan                          
00002648  _Rteps                         
00002658  _Xbig                          
0000265c  _Zero                          
00002660  _FDenorm                       
00002670  _FEps                          
00002680  _FInf                          
00002690  _FNan                          
000026a0  _FSnan                         
000026b0  _FRteps                        
000026c0  _FXbig                         
000026c4  _FZero                         
000026f4  data_to_send                   
00002714  clock                          
00002742  _Fenv                          
00002746  _Tls_setup__Fenv               
0000274a  _lock                          
0000274e  _unlock                        
00002752  _Errno                         
00002754  ack                            
00002755  __end__                        
00002755  end                            
00004360  _stack                         
00004400  Dat_SendReceive                
00004400  __STACK_END                    
000044b8  PID_CONTROL                    
00004556  TIMERB0_ISR                    
00004598  _c_int00_noargs_noexit         
000045b2  HC_SR06_ISR                    
000045be  __TI_ISR_TRAP                  
00004b62  __divull                       
00004efc  dmp_read_fifo                  
000051dc  ANGLE_CALCULATE                
000054aa  Data_Send_PID1                 
00005722  dmp_enable_feature             
00005948  MPU6050_INIT                   
00005b68  dmp_set_gyro_bias              
00005d86  dmp_set_accel_bias             
00005f92  mpu_reset_fifo                 
00006166  Data_Send_Senser               
00006304  dmp_set_tap_thresh             
000064a2  dmp_set_orientation            
0000663c  mpu_init                       
000067d2  Data_Receive_Anl               
00006964  atan2                          
00006c1e  _Atan                          
00006d60  __divlli                       
00006ea0  mpu_set_bypass                 
00006fdc  __fs_sub                       
00006fe2  __fs_add                       
0000710c  mpu_run_self_test              
00007236  PID_YALL                       
00007358  PID_PITCH                      
00007478  sqrt                           
00007596  PID_ROLL                       
000076b2  _FDscale                       
000077ce  Data_Send_Status               
000078e8  Data_Send_MotoPWM              
00007aee  asin                           
00007cc4  mpu_lp_accel_mode              
00007daa  PWM_CALCULATE                  
00007e78  mpu_load_firmware              
00007f3a  mpu_read_fifo_stream           
00007ffc  mpu_set_sensors                
000080bc  SendByte                       
00008176  __fs_mpy                       
0000822c  mpu_set_sample_rate            
000082c4  __fs_div                       
00008352  _FDnorm                        
000083de  mpu_set_dmp_state              
0000845e  RcvByte                        
000084dc  mpu_set_gyro_fsr               
0000855a  __fs_tol                       
000085d8  mpu_set_lpf                    
00008654  _auto_init_hold_wdt            
000086ce  mpu_read_mem                   
00008748  mpu_write_mem                  
000087c2  Data_Receive_Ctl               
0000883a  IRcvStr                        
000088b2  mpu_set_accel_fsr              
0000892a  dmp_set_fifo_rate              
00008a12  int_clk                        
00008a7e  PWM_SET                        
00008ae8  __fs_toi                       
00008b50  mpu_configure_fifo             
00008bb6  _FDunscale                     
00008c1a  mpu_set_int_latched            
00008c7a  ISendStr                       
00008cd8  Start_I2c                      
00008d34  __mpyll_f5hw                   
00008d8e  __divul                        
00008d8e  __remul                        
00008de6  dmp_set_shake_reject_thresh    
00008e3c  mpu_get_lpf                    
00008e90  Data_Send_Check                
00008ee2  SetVcoreUp                     
00008f84  mpu_get_gyro_sens              
00008fd2  main                           
0000901e  __fs_cmp                       
00009068  __fs_ltof                      
000090b2  dmp_enable_gyro_cal            
000090fa  mpu_get_accel_sens             
00009140  __fs_tou                       
00009186  dmp_enable_6x_lp_quat          
000091ca  dmp_enable_lp_quat             
0000920e  __asrll                        
0000924e  mpu_get_accel_fsr              
0000928e  __divli                        
0000928e  __remli                        
000092ce  Ack_I2c                        
0000930c  HexToDem                       
0000934a  NoAck_I2c                      
00009388  L_ASR_15                       
0000938c  L_ASR_14                       
00009390  L_ASR_13                       
00009394  L_ASR_12                       
00009398  L_ASR_11                       
0000939c  L_ASR_10                       
000093a0  L_ASR_9                        
000093a4  L_ASR_8                        
000093a8  L_ASR_7                        
000093ac  L_ASR_6                        
000093b0  L_ASR_5                        
000093b4  L_ASR_4                        
000093b8  L_ASR_3                        
000093bc  L_ASR_2                        
000093c0  L_ASR_1                        
000093c6  L_LSL_15                       
000093ca  L_LSL_14                       
000093ce  L_LSL_13                       
000093d2  L_LSL_12                       
000093d6  L_LSL_11                       
000093da  L_LSL_10                       
000093de  L_LSL_9                        
000093e2  L_LSL_8                        
000093e6  L_LSL_7                        
000093ea  L_LSL_6                        
000093ee  L_LSL_5                        
000093f2  L_LSL_4                        
000093f6  L_LSL_3                        
000093fa  L_LSL_2                        
000093fe  L_LSL_1                        
00009404  mpu_get_gyro_fsr               
00009440  Stop_I2c                       
0000947a  __lslll                        
000094b4  __lsrll                        
000094ee  PWM_INIT                       
00009526  signal                         
0000955e  _Feraise                       
00009594  __fs_itof                      
000095ca  Bluth_UART_Init                
000095fe  dmp_set_tap_axes               
00009632  feraiseexcept                  
00009666  raise                          
00009698  __fs_ultof                     
000096ca  msp430_delay_ms                
000096f8  __divi                         
000096f8  __remi                         
00009724  dmp_set_tap_count              
0000974c  TIMEA1_INIT                    
00009772  dmp_set_shake_reject_time      
00009798  dmp_set_shake_reject_timeout   
000097be  dmp_set_tap_time               
000097e4  dmp_set_tap_time_multi         
0000980a  memcmp                         
00009830  __fs_utof                      
00009854  __mpyl_f5hw                    
00009876  Uart0_Put_Buf                  
00009894  dmp_load_motion_driver_firmware
000098ac  msp430_get_clock_ms            
000098c4  llabs                          
000098da  memset                         
000098f0  __divu                         
000098f0  __remu                         
00009906  __mpyi_f5hw                    
0000991c  memcpy                         
00009930  mpu_get_sample_rate            
00009944  L_LSR                          
00009954  labs                           
00009962  msp430_i2c_read                
00009970  msp430_i2c_write               
0000997e  mpu_get_fifo_config            
00009988  __fs_neg                       
00009992  I_LSL                          
0000999c  I_LSR                          
000099a6  BYTE1                          
000099ae  BYTE0                          
000099b2  _Dscale                        
000099b6  _Dunscale                      
000099ba  _system_pre_init               
000099be  C$$EXIT                        
000099be  abort                          
000099c2  _nop                           
0000a5ba  reg                            
0000a5d8  hw                             
0000a5e4  test                           
0000a6c0  __cinit__                      
0000a6c0  cinit                          
0000ffd2  __TI_int41                     
0000ffd4  __TI_int42                     
0000ffd6  __TI_int43                     
0000ffd8  __TI_int44                     
0000ffda  __TI_int45                     
0000ffdc  __TI_int46                     
0000ffde  __TI_int47                     
0000ffe0  __TI_int48                     
0000ffe2  __TI_int49                     
0000ffe4  __TI_int50                     
0000ffe6  __TI_int51                     
0000ffe8  __TI_int52                     
0000ffea  __TI_int53                     
0000ffec  __TI_int54                     
0000ffee  __TI_int55                     
0000fff0  __TI_int56                     
0000fff2  __TI_int57                     
0000fff4  __TI_int58                     
0000fff6  __TI_int59                     
0000fff8  __TI_int60                     
0000fffa  __TI_int61                     
0000fffc  __TI_int62                     
0000fffe  _reset_vector                  
ffffffff  .text                          
ffffffff  __binit__                      
ffffffff  __c_args__                     
ffffffff  __etext__                      
ffffffff  __pinit__                      
ffffffff  __text__                       
ffffffff  binit                          
ffffffff  etext                          
ffffffff  pinit                          

[1031 symbols]
