<?xml version="1.0"?>
<link_info>
   <banner>MSP430 Linker PC v4.4.3</banner>
   <copyright>Copyright (c) 2003-2015 Texas Instruments Incorporated</copyright>
   <link_time>0x55c6f7c4</link_time>
   <link_errors>0x0</link_errors>
   <output_file>CtlFourAxis.out</output_file>
   <entry_point>
      <name>_c_int00_noargs_noexit</name>
      <address>0x4598</address>
   </entry_point>
   <input_file_list>
      <input_file id="fl-2">
         <path>.\</path>
         <kind>object</kind>
         <file>CtlFourAxis.obj</file>
         <name>CtlFourAxis.obj</name>
      </input_file>
      <input_file id="fl-3">
         <path>.\sto_int\</path>
         <kind>object</kind>
         <file>sto_int.obj</file>
         <name>sto_int.obj</name>
      </input_file>
      <input_file id="fl-4">
         <path>.\msp430_clock\</path>
         <kind>object</kind>
         <file>msp430_clock.obj</file>
         <name>msp430_clock.obj</name>
      </input_file>
      <input_file id="fl-5">
         <path>.\inv_mpu\</path>
         <kind>object</kind>
         <file>inv_mpu.obj</file>
         <name>inv_mpu.obj</name>
      </input_file>
      <input_file id="fl-6">
         <path>.\int_clk\</path>
         <kind>object</kind>
         <file>int_clk.obj</file>
         <name>int_clk.obj</name>
      </input_file>
      <input_file id="fl-7">
         <path>.\i2c\</path>
         <kind>object</kind>
         <file>i2c.obj</file>
         <name>i2c.obj</name>
      </input_file>
      <input_file id="fl-8">
         <path>.\dmp_driver\</path>
         <kind>object</kind>
         <file>inv_mpu_dmp_motion_driver.obj</file>
         <name>inv_mpu_dmp_motion_driver.obj</name>
      </input_file>
      <input_file id="fl-9">
         <path>.\bluth\</path>
         <kind>object</kind>
         <file>bluth.obj</file>
         <name>bluth.obj</name>
      </input_file>
      <input_file id="fl-a">
         <path>.\MSP430_IIC\</path>
         <kind>object</kind>
         <file>MSP430_IIC.obj</file>
         <name>MSP430_IIC.obj</name>
      </input_file>
      <input_file id="fl-b">
         <path>.\HCM5886\</path>
         <kind>object</kind>
         <file>HCM5886.obj</file>
         <name>HCM5886.obj</name>
      </input_file>
      <input_file id="fl-c">
         <path>.\ESP6288\</path>
         <kind>object</kind>
         <file>ESP6288.obj</file>
         <name>ESP6288.obj</name>
      </input_file>
      <input_file id="fl-d">
         <path>.\Display1\</path>
         <kind>object</kind>
         <file>Display1.obj</file>
         <name>Display1.obj</name>
      </input_file>
      <input_file id="fl-42">
         <path>E:\Code Composer Studio(CCS)\CCS\ccsv6\tools\compiler\ti-cgt-msp430_4.4.3\lib\</path>
         <kind>archive</kind>
         <file>rts430x_lc_rd.lib</file>
         <name>asin.obj</name>
      </input_file>
      <input_file id="fl-43">
         <path>E:\Code Composer Studio(CCS)\CCS\ccsv6\tools\compiler\ti-cgt-msp430_4.4.3\lib\</path>
         <kind>archive</kind>
         <file>rts430x_lc_rd.lib</file>
         <name>asr32.obj</name>
      </input_file>
      <input_file id="fl-44">
         <path>E:\Code Composer Studio(CCS)\CCS\ccsv6\tools\compiler\ti-cgt-msp430_4.4.3\lib\</path>
         <kind>archive</kind>
         <file>rts430x_lc_rd.lib</file>
         <name>asr64.obj</name>
      </input_file>
      <input_file id="fl-45">
         <path>E:\Code Composer Studio(CCS)\CCS\ccsv6\tools\compiler\ti-cgt-msp430_4.4.3\lib\</path>
         <kind>archive</kind>
         <file>rts430x_lc_rd.lib</file>
         <name>atan2.obj</name>
      </input_file>
      <input_file id="fl-46">
         <path>E:\Code Composer Studio(CCS)\CCS\ccsv6\tools\compiler\ti-cgt-msp430_4.4.3\lib\</path>
         <kind>archive</kind>
         <file>rts430x_lc_rd.lib</file>
         <name>boot.obj</name>
      </input_file>
      <input_file id="fl-47">
         <path>E:\Code Composer Studio(CCS)\CCS\ccsv6\tools\compiler\ti-cgt-msp430_4.4.3\lib\</path>
         <kind>archive</kind>
         <file>rts430x_lc_rd.lib</file>
         <name>boot_special.obj</name>
      </input_file>
      <input_file id="fl-48">
         <path>E:\Code Composer Studio(CCS)\CCS\ccsv6\tools\compiler\ti-cgt-msp430_4.4.3\lib\</path>
         <kind>archive</kind>
         <file>rts430x_lc_rd.lib</file>
         <name>copy_decompress_none.obj</name>
      </input_file>
      <input_file id="fl-49">
         <path>E:\Code Composer Studio(CCS)\CCS\ccsv6\tools\compiler\ti-cgt-msp430_4.4.3\lib\</path>
         <kind>archive</kind>
         <file>rts430x_lc_rd.lib</file>
         <name>copy_decompress_rle.obj</name>
      </input_file>
      <input_file id="fl-4a">
         <path>E:\Code Composer Studio(CCS)\CCS\ccsv6\tools\compiler\ti-cgt-msp430_4.4.3\lib\</path>
         <kind>archive</kind>
         <file>rts430x_lc_rd.lib</file>
         <name>copy_zero_init.obj</name>
      </input_file>
      <input_file id="fl-4b">
         <path>E:\Code Composer Studio(CCS)\CCS\ccsv6\tools\compiler\ti-cgt-msp430_4.4.3\lib\</path>
         <kind>archive</kind>
         <file>rts430x_lc_rd.lib</file>
         <name>div16s.obj</name>
      </input_file>
      <input_file id="fl-4c">
         <path>E:\Code Composer Studio(CCS)\CCS\ccsv6\tools\compiler\ti-cgt-msp430_4.4.3\lib\</path>
         <kind>archive</kind>
         <file>rts430x_lc_rd.lib</file>
         <name>div16u.obj</name>
      </input_file>
      <input_file id="fl-4d">
         <path>E:\Code Composer Studio(CCS)\CCS\ccsv6\tools\compiler\ti-cgt-msp430_4.4.3\lib\</path>
         <kind>archive</kind>
         <file>rts430x_lc_rd.lib</file>
         <name>div32s.obj</name>
      </input_file>
      <input_file id="fl-4e">
         <path>E:\Code Composer Studio(CCS)\CCS\ccsv6\tools\compiler\ti-cgt-msp430_4.4.3\lib\</path>
         <kind>archive</kind>
         <file>rts430x_lc_rd.lib</file>
         <name>div32u.obj</name>
      </input_file>
      <input_file id="fl-4f">
         <path>E:\Code Composer Studio(CCS)\CCS\ccsv6\tools\compiler\ti-cgt-msp430_4.4.3\lib\</path>
         <kind>archive</kind>
         <file>rts430x_lc_rd.lib</file>
         <name>div64s.obj</name>
      </input_file>
      <input_file id="fl-50">
         <path>E:\Code Composer Studio(CCS)\CCS\ccsv6\tools\compiler\ti-cgt-msp430_4.4.3\lib\</path>
         <kind>archive</kind>
         <file>rts430x_lc_rd.lib</file>
         <name>div64u.obj</name>
      </input_file>
      <input_file id="fl-51">
         <path>E:\Code Composer Studio(CCS)\CCS\ccsv6\tools\compiler\ti-cgt-msp430_4.4.3\lib\</path>
         <kind>archive</kind>
         <file>rts430x_lc_rd.lib</file>
         <name>exit.obj</name>
      </input_file>
      <input_file id="fl-52">
         <path>E:\Code Composer Studio(CCS)\CCS\ccsv6\tools\compiler\ti-cgt-msp430_4.4.3\lib\</path>
         <kind>archive</kind>
         <file>rts430x_lc_rd.lib</file>
         <name>fs_add.obj</name>
      </input_file>
      <input_file id="fl-53">
         <path>E:\Code Composer Studio(CCS)\CCS\ccsv6\tools\compiler\ti-cgt-msp430_4.4.3\lib\</path>
         <kind>archive</kind>
         <file>rts430x_lc_rd.lib</file>
         <name>fs_cmp.obj</name>
      </input_file>
      <input_file id="fl-54">
         <path>E:\Code Composer Studio(CCS)\CCS\ccsv6\tools\compiler\ti-cgt-msp430_4.4.3\lib\</path>
         <kind>archive</kind>
         <file>rts430x_lc_rd.lib</file>
         <name>fs_div.obj</name>
      </input_file>
      <input_file id="fl-55">
         <path>E:\Code Composer Studio(CCS)\CCS\ccsv6\tools\compiler\ti-cgt-msp430_4.4.3\lib\</path>
         <kind>archive</kind>
         <file>rts430x_lc_rd.lib</file>
         <name>fs_itof.obj</name>
      </input_file>
      <input_file id="fl-56">
         <path>E:\Code Composer Studio(CCS)\CCS\ccsv6\tools\compiler\ti-cgt-msp430_4.4.3\lib\</path>
         <kind>archive</kind>
         <file>rts430x_lc_rd.lib</file>
         <name>fs_ltof.obj</name>
      </input_file>
      <input_file id="fl-57">
         <path>E:\Code Composer Studio(CCS)\CCS\ccsv6\tools\compiler\ti-cgt-msp430_4.4.3\lib\</path>
         <kind>archive</kind>
         <file>rts430x_lc_rd.lib</file>
         <name>fs_mpy.obj</name>
      </input_file>
      <input_file id="fl-58">
         <path>E:\Code Composer Studio(CCS)\CCS\ccsv6\tools\compiler\ti-cgt-msp430_4.4.3\lib\</path>
         <kind>archive</kind>
         <file>rts430x_lc_rd.lib</file>
         <name>fs_neg.obj</name>
      </input_file>
      <input_file id="fl-59">
         <path>E:\Code Composer Studio(CCS)\CCS\ccsv6\tools\compiler\ti-cgt-msp430_4.4.3\lib\</path>
         <kind>archive</kind>
         <file>rts430x_lc_rd.lib</file>
         <name>fs_toi.obj</name>
      </input_file>
      <input_file id="fl-5a">
         <path>E:\Code Composer Studio(CCS)\CCS\ccsv6\tools\compiler\ti-cgt-msp430_4.4.3\lib\</path>
         <kind>archive</kind>
         <file>rts430x_lc_rd.lib</file>
         <name>fs_tol.obj</name>
      </input_file>
      <input_file id="fl-5b">
         <path>E:\Code Composer Studio(CCS)\CCS\ccsv6\tools\compiler\ti-cgt-msp430_4.4.3\lib\</path>
         <kind>archive</kind>
         <file>rts430x_lc_rd.lib</file>
         <name>fs_tou.obj</name>
      </input_file>
      <input_file id="fl-5c">
         <path>E:\Code Composer Studio(CCS)\CCS\ccsv6\tools\compiler\ti-cgt-msp430_4.4.3\lib\</path>
         <kind>archive</kind>
         <file>rts430x_lc_rd.lib</file>
         <name>fs_ultof.obj</name>
      </input_file>
      <input_file id="fl-5d">
         <path>E:\Code Composer Studio(CCS)\CCS\ccsv6\tools\compiler\ti-cgt-msp430_4.4.3\lib\</path>
         <kind>archive</kind>
         <file>rts430x_lc_rd.lib</file>
         <name>fs_utof.obj</name>
      </input_file>
      <input_file id="fl-5e">
         <path>E:\Code Composer Studio(CCS)\CCS\ccsv6\tools\compiler\ti-cgt-msp430_4.4.3\lib\</path>
         <kind>archive</kind>
         <file>rts430x_lc_rd.lib</file>
         <name>int41.obj</name>
      </input_file>
      <input_file id="fl-5f">
         <path>E:\Code Composer Studio(CCS)\CCS\ccsv6\tools\compiler\ti-cgt-msp430_4.4.3\lib\</path>
         <kind>archive</kind>
         <file>rts430x_lc_rd.lib</file>
         <name>int43.obj</name>
      </input_file>
      <input_file id="fl-60">
         <path>E:\Code Composer Studio(CCS)\CCS\ccsv6\tools\compiler\ti-cgt-msp430_4.4.3\lib\</path>
         <kind>archive</kind>
         <file>rts430x_lc_rd.lib</file>
         <name>int44.obj</name>
      </input_file>
      <input_file id="fl-61">
         <path>E:\Code Composer Studio(CCS)\CCS\ccsv6\tools\compiler\ti-cgt-msp430_4.4.3\lib\</path>
         <kind>archive</kind>
         <file>rts430x_lc_rd.lib</file>
         <name>int45.obj</name>
      </input_file>
      <input_file id="fl-62">
         <path>E:\Code Composer Studio(CCS)\CCS\ccsv6\tools\compiler\ti-cgt-msp430_4.4.3\lib\</path>
         <kind>archive</kind>
         <file>rts430x_lc_rd.lib</file>
         <name>int46.obj</name>
      </input_file>
      <input_file id="fl-63">
         <path>E:\Code Composer Studio(CCS)\CCS\ccsv6\tools\compiler\ti-cgt-msp430_4.4.3\lib\</path>
         <kind>archive</kind>
         <file>rts430x_lc_rd.lib</file>
         <name>int47.obj</name>
      </input_file>
      <input_file id="fl-64">
         <path>E:\Code Composer Studio(CCS)\CCS\ccsv6\tools\compiler\ti-cgt-msp430_4.4.3\lib\</path>
         <kind>archive</kind>
         <file>rts430x_lc_rd.lib</file>
         <name>int49.obj</name>
      </input_file>
      <input_file id="fl-65">
         <path>E:\Code Composer Studio(CCS)\CCS\ccsv6\tools\compiler\ti-cgt-msp430_4.4.3\lib\</path>
         <kind>archive</kind>
         <file>rts430x_lc_rd.lib</file>
         <name>int50.obj</name>
      </input_file>
      <input_file id="fl-66">
         <path>E:\Code Composer Studio(CCS)\CCS\ccsv6\tools\compiler\ti-cgt-msp430_4.4.3\lib\</path>
         <kind>archive</kind>
         <file>rts430x_lc_rd.lib</file>
         <name>int51.obj</name>
      </input_file>
      <input_file id="fl-67">
         <path>E:\Code Composer Studio(CCS)\CCS\ccsv6\tools\compiler\ti-cgt-msp430_4.4.3\lib\</path>
         <kind>archive</kind>
         <file>rts430x_lc_rd.lib</file>
         <name>int52.obj</name>
      </input_file>
      <input_file id="fl-68">
         <path>E:\Code Composer Studio(CCS)\CCS\ccsv6\tools\compiler\ti-cgt-msp430_4.4.3\lib\</path>
         <kind>archive</kind>
         <file>rts430x_lc_rd.lib</file>
         <name>int53.obj</name>
      </input_file>
      <input_file id="fl-69">
         <path>E:\Code Composer Studio(CCS)\CCS\ccsv6\tools\compiler\ti-cgt-msp430_4.4.3\lib\</path>
         <kind>archive</kind>
         <file>rts430x_lc_rd.lib</file>
         <name>int54.obj</name>
      </input_file>
      <input_file id="fl-6a">
         <path>E:\Code Composer Studio(CCS)\CCS\ccsv6\tools\compiler\ti-cgt-msp430_4.4.3\lib\</path>
         <kind>archive</kind>
         <file>rts430x_lc_rd.lib</file>
         <name>int55.obj</name>
      </input_file>
      <input_file id="fl-6b">
         <path>E:\Code Composer Studio(CCS)\CCS\ccsv6\tools\compiler\ti-cgt-msp430_4.4.3\lib\</path>
         <kind>archive</kind>
         <file>rts430x_lc_rd.lib</file>
         <name>int57.obj</name>
      </input_file>
      <input_file id="fl-6c">
         <path>E:\Code Composer Studio(CCS)\CCS\ccsv6\tools\compiler\ti-cgt-msp430_4.4.3\lib\</path>
         <kind>archive</kind>
         <file>rts430x_lc_rd.lib</file>
         <name>int58.obj</name>
      </input_file>
      <input_file id="fl-6d">
         <path>E:\Code Composer Studio(CCS)\CCS\ccsv6\tools\compiler\ti-cgt-msp430_4.4.3\lib\</path>
         <kind>archive</kind>
         <file>rts430x_lc_rd.lib</file>
         <name>int60.obj</name>
      </input_file>
      <input_file id="fl-6e">
         <path>E:\Code Composer Studio(CCS)\CCS\ccsv6\tools\compiler\ti-cgt-msp430_4.4.3\lib\</path>
         <kind>archive</kind>
         <file>rts430x_lc_rd.lib</file>
         <name>int61.obj</name>
      </input_file>
      <input_file id="fl-6f">
         <path>E:\Code Composer Studio(CCS)\CCS\ccsv6\tools\compiler\ti-cgt-msp430_4.4.3\lib\</path>
         <kind>archive</kind>
         <file>rts430x_lc_rd.lib</file>
         <name>int62.obj</name>
      </input_file>
      <input_file id="fl-70">
         <path>E:\Code Composer Studio(CCS)\CCS\ccsv6\tools\compiler\ti-cgt-msp430_4.4.3\lib\</path>
         <kind>archive</kind>
         <file>rts430x_lc_rd.lib</file>
         <name>isr_trap.obj</name>
      </input_file>
      <input_file id="fl-71">
         <path>E:\Code Composer Studio(CCS)\CCS\ccsv6\tools\compiler\ti-cgt-msp430_4.4.3\lib\</path>
         <kind>archive</kind>
         <file>rts430x_lc_rd.lib</file>
         <name>labs.obj</name>
      </input_file>
      <input_file id="fl-72">
         <path>E:\Code Composer Studio(CCS)\CCS\ccsv6\tools\compiler\ti-cgt-msp430_4.4.3\lib\</path>
         <kind>archive</kind>
         <file>rts430x_lc_rd.lib</file>
         <name>llabs.obj</name>
      </input_file>
      <input_file id="fl-73">
         <path>E:\Code Composer Studio(CCS)\CCS\ccsv6\tools\compiler\ti-cgt-msp430_4.4.3\lib\</path>
         <kind>archive</kind>
         <file>rts430x_lc_rd.lib</file>
         <name>lsl16.obj</name>
      </input_file>
      <input_file id="fl-74">
         <path>E:\Code Composer Studio(CCS)\CCS\ccsv6\tools\compiler\ti-cgt-msp430_4.4.3\lib\</path>
         <kind>archive</kind>
         <file>rts430x_lc_rd.lib</file>
         <name>lsl32.obj</name>
      </input_file>
      <input_file id="fl-75">
         <path>E:\Code Composer Studio(CCS)\CCS\ccsv6\tools\compiler\ti-cgt-msp430_4.4.3\lib\</path>
         <kind>archive</kind>
         <file>rts430x_lc_rd.lib</file>
         <name>lsl64.obj</name>
      </input_file>
      <input_file id="fl-76">
         <path>E:\Code Composer Studio(CCS)\CCS\ccsv6\tools\compiler\ti-cgt-msp430_4.4.3\lib\</path>
         <kind>archive</kind>
         <file>rts430x_lc_rd.lib</file>
         <name>lsr32.obj</name>
      </input_file>
      <input_file id="fl-77">
         <path>E:\Code Composer Studio(CCS)\CCS\ccsv6\tools\compiler\ti-cgt-msp430_4.4.3\lib\</path>
         <kind>archive</kind>
         <file>rts430x_lc_rd.lib</file>
         <name>lsr64.obj</name>
      </input_file>
      <input_file id="fl-78">
         <path>E:\Code Composer Studio(CCS)\CCS\ccsv6\tools\compiler\ti-cgt-msp430_4.4.3\lib\</path>
         <kind>archive</kind>
         <file>rts430x_lc_rd.lib</file>
         <name>memcmp.obj</name>
      </input_file>
      <input_file id="fl-79">
         <path>E:\Code Composer Studio(CCS)\CCS\ccsv6\tools\compiler\ti-cgt-msp430_4.4.3\lib\</path>
         <kind>archive</kind>
         <file>rts430x_lc_rd.lib</file>
         <name>memcpy.obj</name>
      </input_file>
      <input_file id="fl-7a">
         <path>E:\Code Composer Studio(CCS)\CCS\ccsv6\tools\compiler\ti-cgt-msp430_4.4.3\lib\</path>
         <kind>archive</kind>
         <file>rts430x_lc_rd.lib</file>
         <name>memset.obj</name>
      </input_file>
      <input_file id="fl-7b">
         <path>E:\Code Composer Studio(CCS)\CCS\ccsv6\tools\compiler\ti-cgt-msp430_4.4.3\lib\</path>
         <kind>archive</kind>
         <file>rts430x_lc_rd.lib</file>
         <name>mpu_init.obj</name>
      </input_file>
      <input_file id="fl-7c">
         <path>E:\Code Composer Studio(CCS)\CCS\ccsv6\tools\compiler\ti-cgt-msp430_4.4.3\lib\</path>
         <kind>archive</kind>
         <file>rts430x_lc_rd.lib</file>
         <name>mult16.obj</name>
      </input_file>
      <input_file id="fl-7d">
         <path>E:\Code Composer Studio(CCS)\CCS\ccsv6\tools\compiler\ti-cgt-msp430_4.4.3\lib\</path>
         <kind>archive</kind>
         <file>rts430x_lc_rd.lib</file>
         <name>mult1632_f5hw.obj</name>
      </input_file>
      <input_file id="fl-7e">
         <path>E:\Code Composer Studio(CCS)\CCS\ccsv6\tools\compiler\ti-cgt-msp430_4.4.3\lib\</path>
         <kind>archive</kind>
         <file>rts430x_lc_rd.lib</file>
         <name>mult16_f5hw.obj</name>
      </input_file>
      <input_file id="fl-7f">
         <path>E:\Code Composer Studio(CCS)\CCS\ccsv6\tools\compiler\ti-cgt-msp430_4.4.3\lib\</path>
         <kind>archive</kind>
         <file>rts430x_lc_rd.lib</file>
         <name>mult32.obj</name>
      </input_file>
      <input_file id="fl-80">
         <path>E:\Code Composer Studio(CCS)\CCS\ccsv6\tools\compiler\ti-cgt-msp430_4.4.3\lib\</path>
         <kind>archive</kind>
         <file>rts430x_lc_rd.lib</file>
         <name>mult3264_f5hw.obj</name>
      </input_file>
      <input_file id="fl-81">
         <path>E:\Code Composer Studio(CCS)\CCS\ccsv6\tools\compiler\ti-cgt-msp430_4.4.3\lib\</path>
         <kind>archive</kind>
         <file>rts430x_lc_rd.lib</file>
         <name>mult32_f5hw.obj</name>
      </input_file>
      <input_file id="fl-82">
         <path>E:\Code Composer Studio(CCS)\CCS\ccsv6\tools\compiler\ti-cgt-msp430_4.4.3\lib\</path>
         <kind>archive</kind>
         <file>rts430x_lc_rd.lib</file>
         <name>mult64.obj</name>
      </input_file>
      <input_file id="fl-83">
         <path>E:\Code Composer Studio(CCS)\CCS\ccsv6\tools\compiler\ti-cgt-msp430_4.4.3\lib\</path>
         <kind>archive</kind>
         <file>rts430x_lc_rd.lib</file>
         <name>mult64_f5hw.obj</name>
      </input_file>
      <input_file id="fl-84">
         <path>E:\Code Composer Studio(CCS)\CCS\ccsv6\tools\compiler\ti-cgt-msp430_4.4.3\lib\</path>
         <kind>archive</kind>
         <file>rts430x_lc_rd.lib</file>
         <name>pow.obj</name>
      </input_file>
      <input_file id="fl-85">
         <path>E:\Code Composer Studio(CCS)\CCS\ccsv6\tools\compiler\ti-cgt-msp430_4.4.3\lib\</path>
         <kind>archive</kind>
         <file>rts430x_lc_rd.lib</file>
         <name>pre_init.obj</name>
      </input_file>
      <input_file id="fl-86">
         <path>E:\Code Composer Studio(CCS)\CCS\ccsv6\tools\compiler\ti-cgt-msp430_4.4.3\lib\</path>
         <kind>archive</kind>
         <file>rts430x_lc_rd.lib</file>
         <name>sqrt.obj</name>
      </input_file>
      <input_file id="fl-87">
         <path>E:\Code Composer Studio(CCS)\CCS\ccsv6\tools\compiler\ti-cgt-msp430_4.4.3\lib\</path>
         <kind>archive</kind>
         <file>rts430x_lc_rd.lib</file>
         <name>strlen.obj</name>
      </input_file>
      <input_file id="fl-88">
         <path>E:\Code Composer Studio(CCS)\CCS\ccsv6\tools\compiler\ti-cgt-msp430_4.4.3\lib\</path>
         <kind>archive</kind>
         <file>rts430x_lc_rd.lib</file>
         <name>xatan.obj</name>
      </input_file>
      <input_file id="fl-89">
         <path>E:\Code Composer Studio(CCS)\CCS\ccsv6\tools\compiler\ti-cgt-msp430_4.4.3\lib\</path>
         <kind>archive</kind>
         <file>rts430x_lc_rd.lib</file>
         <name>xdint.obj</name>
      </input_file>
      <input_file id="fl-8a">
         <path>E:\Code Composer Studio(CCS)\CCS\ccsv6\tools\compiler\ti-cgt-msp430_4.4.3\lib\</path>
         <kind>archive</kind>
         <file>rts430x_lc_rd.lib</file>
         <name>xdscale.obj</name>
      </input_file>
      <input_file id="fl-8b">
         <path>E:\Code Composer Studio(CCS)\CCS\ccsv6\tools\compiler\ti-cgt-msp430_4.4.3\lib\</path>
         <kind>archive</kind>
         <file>rts430x_lc_rd.lib</file>
         <name>xdunscal.obj</name>
      </input_file>
      <input_file id="fl-8c">
         <path>E:\Code Composer Studio(CCS)\CCS\ccsv6\tools\compiler\ti-cgt-msp430_4.4.3\lib\</path>
         <kind>archive</kind>
         <file>rts430x_lc_rd.lib</file>
         <name>xexp.obj</name>
      </input_file>
      <input_file id="fl-8d">
         <path>E:\Code Composer Studio(CCS)\CCS\ccsv6\tools\compiler\ti-cgt-msp430_4.4.3\lib\</path>
         <kind>archive</kind>
         <file>rts430x_lc_rd.lib</file>
         <name>xfdint.obj</name>
      </input_file>
      <input_file id="fl-8e">
         <path>E:\Code Composer Studio(CCS)\CCS\ccsv6\tools\compiler\ti-cgt-msp430_4.4.3\lib\</path>
         <kind>archive</kind>
         <file>rts430x_lc_rd.lib</file>
         <name>xfdscale.obj</name>
      </input_file>
      <input_file id="fl-8f">
         <path>E:\Code Composer Studio(CCS)\CCS\ccsv6\tools\compiler\ti-cgt-msp430_4.4.3\lib\</path>
         <kind>archive</kind>
         <file>rts430x_lc_rd.lib</file>
         <name>xfdunsca.obj</name>
      </input_file>
      <input_file id="fl-90">
         <path>E:\Code Composer Studio(CCS)\CCS\ccsv6\tools\compiler\ti-cgt-msp430_4.4.3\lib\</path>
         <kind>archive</kind>
         <file>rts430x_lc_rd.lib</file>
         <name>xferaise.obj</name>
      </input_file>
      <input_file id="fl-91">
         <path>E:\Code Composer Studio(CCS)\CCS\ccsv6\tools\compiler\ti-cgt-msp430_4.4.3\lib\</path>
         <kind>archive</kind>
         <file>rts430x_lc_rd.lib</file>
         <name>xfvalues.obj</name>
      </input_file>
      <input_file id="fl-92">
         <path>E:\Code Composer Studio(CCS)\CCS\ccsv6\tools\compiler\ti-cgt-msp430_4.4.3\lib\</path>
         <kind>archive</kind>
         <file>rts430x_lc_rd.lib</file>
         <name>xvalues.obj</name>
      </input_file>
      <input_file id="fl-93">
         <path>E:\Code Composer Studio(CCS)\CCS\ccsv6\tools\compiler\ti-cgt-msp430_4.4.3\lib\</path>
         <kind>archive</kind>
         <file>rts430x_lc_rd.lib</file>
         <name>_lock.obj</name>
      </input_file>
      <input_file id="fl-94">
         <path>E:\Code Composer Studio(CCS)\CCS\ccsv6\tools\compiler\ti-cgt-msp430_4.4.3\lib\</path>
         <kind>archive</kind>
         <file>rts430x_lc_rd.lib</file>
         <name>args_main.obj</name>
      </input_file>
      <input_file id="fl-95">
         <path>E:\Code Composer Studio(CCS)\CCS\ccsv6\tools\compiler\ti-cgt-msp430_4.4.3\lib\</path>
         <kind>archive</kind>
         <file>rts430x_lc_rd.lib</file>
         <name>autoinit_wdt.obj</name>
      </input_file>
      <input_file id="fl-96">
         <path>E:\Code Composer Studio(CCS)\CCS\ccsv6\tools\compiler\ti-cgt-msp430_4.4.3\lib\</path>
         <kind>archive</kind>
         <file>rts430x_lc_rd.lib</file>
         <name>errno.obj</name>
      </input_file>
      <input_file id="fl-97">
         <path>E:\Code Composer Studio(CCS)\CCS\ccsv6\tools\compiler\ti-cgt-msp430_4.4.3\lib\</path>
         <kind>archive</kind>
         <file>rts430x_lc_rd.lib</file>
         <name>feraiseexcept.obj</name>
      </input_file>
      <input_file id="fl-98">
         <path>E:\Code Composer Studio(CCS)\CCS\ccsv6\tools\compiler\ti-cgt-msp430_4.4.3\lib\</path>
         <kind>archive</kind>
         <file>rts430x_lc_rd.lib</file>
         <name>log.obj</name>
      </input_file>
      <input_file id="fl-99">
         <path>E:\Code Composer Studio(CCS)\CCS\ccsv6\tools\compiler\ti-cgt-msp430_4.4.3\lib\</path>
         <kind>archive</kind>
         <file>rts430x_lc_rd.lib</file>
         <name>lsr16.obj</name>
      </input_file>
      <input_file id="fl-9a">
         <path>E:\Code Composer Studio(CCS)\CCS\ccsv6\tools\compiler\ti-cgt-msp430_4.4.3\lib\</path>
         <kind>archive</kind>
         <file>rts430x_lc_rd.lib</file>
         <name>mult1632.obj</name>
      </input_file>
      <input_file id="fl-9b">
         <path>E:\Code Composer Studio(CCS)\CCS\ccsv6\tools\compiler\ti-cgt-msp430_4.4.3\lib\</path>
         <kind>archive</kind>
         <file>rts430x_lc_rd.lib</file>
         <name>raise.obj</name>
      </input_file>
      <input_file id="fl-9c">
         <path>E:\Code Composer Studio(CCS)\CCS\ccsv6\tools\compiler\ti-cgt-msp430_4.4.3\lib\</path>
         <kind>archive</kind>
         <file>rts430x_lc_rd.lib</file>
         <name>signal.obj</name>
      </input_file>
      <input_file id="fl-9d">
         <path>E:\Code Composer Studio(CCS)\CCS\ccsv6\tools\compiler\ti-cgt-msp430_4.4.3\lib\</path>
         <kind>archive</kind>
         <file>rts430x_lc_rd.lib</file>
         <name>xfdnorm.obj</name>
      </input_file>
      <input_file id="fl-9e">
         <path>E:\Code Composer Studio(CCS)\CCS\ccsv6\tools\compiler\ti-cgt-msp430_4.4.3\lib\</path>
         <kind>archive</kind>
         <file>rts430x_lc_rd.lib</file>
         <name>xlog.obj</name>
      </input_file>
   </input_file_list>
   <object_component_list>
      <object_component id="oc-8d">
         <name>.bss</name>
         <uninitialized>true</uninitialized>
         <run_address>0x2400</run_address>
         <size>0x138</size>
         <input_file_ref idref="fl-2"/>
      </object_component>
      <object_component id="oc-99">
         <name>.bss</name>
         <uninitialized>true</uninitialized>
         <run_address>0x2714</run_address>
         <size>0x1e</size>
         <input_file_ref idref="fl-4"/>
      </object_component>
      <object_component id="oc-a0">
         <name>.bss</name>
         <uninitialized>true</uninitialized>
         <run_address>0x26c8</run_address>
         <size>0x2c</size>
         <input_file_ref idref="fl-5"/>
      </object_component>
      <object_component id="oc-ad">
         <name>.bss</name>
         <uninitialized>true</uninitialized>
         <run_address>0x2754</run_address>
         <size>0x1</size>
         <input_file_ref idref="fl-7"/>
      </object_component>
      <object_component id="oc-b3">
         <name>.bss</name>
         <uninitialized>true</uninitialized>
         <run_address>0x2732</run_address>
         <size>0x10</size>
         <input_file_ref idref="fl-8"/>
      </object_component>
      <object_component id="oc-bb">
         <name>.bss</name>
         <uninitialized>true</uninitialized>
         <run_address>0x26f4</run_address>
         <size>0x20</size>
         <input_file_ref idref="fl-9"/>
      </object_component>
      <object_component id="oc-1fe">
         <name>.bss</name>
         <uninitialized>true</uninitialized>
         <run_address>0x2660</run_address>
         <size>0x68</size>
         <input_file_ref idref="fl-91"/>
      </object_component>
      <object_component id="oc-202">
         <name>.bss</name>
         <uninitialized>true</uninitialized>
         <run_address>0x25e8</run_address>
         <size>0x78</size>
         <input_file_ref idref="fl-92"/>
      </object_component>
      <object_component id="oc-25e">
         <name>.bss:_lock</name>
         <uninitialized>true</uninitialized>
         <run_address>0x274a</run_address>
         <size>0x4</size>
         <input_file_ref idref="fl-93"/>
      </object_component>
      <object_component id="oc-264">
         <name>.bss:_unlock</name>
         <uninitialized>true</uninitialized>
         <run_address>0x274e</run_address>
         <size>0x4</size>
         <input_file_ref idref="fl-93"/>
      </object_component>
      <object_component id="oc-215">
         <name>.bss</name>
         <uninitialized>true</uninitialized>
         <run_address>0x2752</run_address>
         <size>0x2</size>
         <input_file_ref idref="fl-96"/>
      </object_component>
      <object_component id="oc-219">
         <name>.bss</name>
         <uninitialized>true</uninitialized>
         <run_address>0x2742</run_address>
         <size>0x8</size>
         <input_file_ref idref="fl-97"/>
      </object_component>
      <object_component id="oc-233">
         <name>.bss</name>
         <uninitialized>true</uninitialized>
         <run_address>0x2538</run_address>
         <size>0xb0</size>
         <input_file_ref idref="fl-9c"/>
      </object_component>
      <object_component id="oc-e7">
         <name>.stack</name>
         <uninitialized>true</uninitialized>
         <run_address>0x4360</run_address>
         <size>0x4</size>
         <input_file_ref idref="fl-46"/>
      </object_component>
      <object_component id="oc-332">
         <name>.stack</name>
         <uninitialized>true</uninitialized>
         <run_address>0x4360</run_address>
         <size>0x0</size>
      </object_component>
      <object_component id="oc-2b0">
         <name>.text:get_st_biases</name>
         <load_address>0x45c4</load_address>
         <run_address>0x45c4</run_address>
         <size>0x59e</size>
         <input_file_ref idref="fl-5"/>
      </object_component>
      <object_component id="oc-2d0">
         <name>.text:__divull</name>
         <load_address>0x4b62</load_address>
         <run_address>0x4b62</run_address>
         <size>0x39a</size>
         <input_file_ref idref="fl-50"/>
      </object_component>
      <object_component id="oc-26b">
         <name>.text:dmp_read_fifo</name>
         <load_address>0x4efc</load_address>
         <run_address>0x4efc</run_address>
         <size>0x2e0</size>
         <input_file_ref idref="fl-8"/>
      </object_component>
      <object_component id="oc-256">
         <name>.text:ANGLE_CALCULATE</name>
         <load_address>0x51dc</load_address>
         <run_address>0x51dc</run_address>
         <size>0x2ce</size>
         <input_file_ref idref="fl-2"/>
      </object_component>
      <object_component id="oc-255">
         <name>.text:Data_Send_PID1</name>
         <load_address>0x54aa</load_address>
         <run_address>0x54aa</run_address>
         <size>0x278</size>
         <input_file_ref idref="fl-9"/>
      </object_component>
      <object_component id="oc-27b">
         <name>.text:dmp_enable_feature</name>
         <load_address>0x5722</load_address>
         <run_address>0x5722</run_address>
         <size>0x226</size>
         <input_file_ref idref="fl-8"/>
      </object_component>
      <object_component id="oc-267">
         <name>.text:MPU6050_INIT</name>
         <load_address>0x5948</load_address>
         <run_address>0x5948</run_address>
         <size>0x220</size>
         <input_file_ref idref="fl-2"/>
      </object_component>
      <object_component id="oc-27f">
         <name>.text:dmp_set_gyro_bias</name>
         <load_address>0x5b68</load_address>
         <run_address>0x5b68</run_address>
         <size>0x21e</size>
         <input_file_ref idref="fl-8"/>
      </object_component>
      <object_component id="oc-282">
         <name>.text:dmp_set_accel_bias</name>
         <load_address>0x5d86</load_address>
         <run_address>0x5d86</run_address>
         <size>0x20c</size>
         <input_file_ref idref="fl-8"/>
      </object_component>
      <object_component id="oc-286">
         <name>.text:mpu_reset_fifo</name>
         <load_address>0x5f92</load_address>
         <run_address>0x5f92</run_address>
         <size>0x1d4</size>
         <input_file_ref idref="fl-5"/>
      </object_component>
      <object_component id="oc-252">
         <name>.text:Data_Send_Senser</name>
         <load_address>0x6166</load_address>
         <run_address>0x6166</run_address>
         <size>0x19e</size>
         <input_file_ref idref="fl-9"/>
      </object_component>
      <object_component id="oc-2a0">
         <name>.text:dmp_set_tap_thresh</name>
         <load_address>0x6304</load_address>
         <run_address>0x6304</run_address>
         <size>0x19e</size>
         <input_file_ref idref="fl-8"/>
      </object_component>
      <object_component id="oc-27a">
         <name>.text:dmp_set_orientation</name>
         <load_address>0x64a2</load_address>
         <run_address>0x64a2</run_address>
         <size>0x19a</size>
         <input_file_ref idref="fl-8"/>
      </object_component>
      <object_component id="oc-275">
         <name>.text:mpu_init</name>
         <load_address>0x663c</load_address>
         <run_address>0x663c</run_address>
         <size>0x196</size>
         <input_file_ref idref="fl-5"/>
      </object_component>
      <object_component id="oc-25c">
         <name>.text:Data_Receive_Anl</name>
         <load_address>0x67d2</load_address>
         <run_address>0x67d2</run_address>
         <size>0x192</size>
         <input_file_ref idref="fl-9"/>
      </object_component>
      <object_component id="oc-26f">
         <name>.text:atan2</name>
         <load_address>0x6964</load_address>
         <run_address>0x6964</run_address>
         <size>0x168</size>
         <input_file_ref idref="fl-45"/>
      </object_component>
      <object_component id="oc-2b2">
         <name>.text:gyro_self_test</name>
         <load_address>0x6acc</load_address>
         <run_address>0x6acc</run_address>
         <size>0x152</size>
         <input_file_ref idref="fl-5"/>
      </object_component>
      <object_component id="oc-289">
         <name>.text:_Atan</name>
         <load_address>0x6c1e</load_address>
         <run_address>0x6c1e</run_address>
         <size>0x142</size>
         <input_file_ref idref="fl-88"/>
      </object_component>
      <object_component id="oc-2c3">
         <name>.text:__divlli</name>
         <load_address>0x6d60</load_address>
         <run_address>0x6d60</run_address>
         <size>0x140</size>
         <input_file_ref idref="fl-4f"/>
      </object_component>
      <object_component id="oc-294">
         <name>.text:mpu_set_bypass</name>
         <load_address>0x6ea0</load_address>
         <run_address>0x6ea0</run_address>
         <size>0x13c</size>
         <input_file_ref idref="fl-5"/>
      </object_component>
      <object_component id="oc-124">
         <name>.text</name>
         <load_address>0x6fdc</load_address>
         <run_address>0x6fdc</run_address>
         <size>0x130</size>
         <input_file_ref idref="fl-52"/>
      </object_component>
      <object_component id="oc-27d">
         <name>.text:mpu_run_self_test</name>
         <load_address>0x710c</load_address>
         <run_address>0x710c</run_address>
         <size>0x12a</size>
         <input_file_ref idref="fl-5"/>
      </object_component>
      <object_component id="oc-259">
         <name>.text:PID_YALL</name>
         <load_address>0x7236</load_address>
         <run_address>0x7236</run_address>
         <size>0x122</size>
         <input_file_ref idref="fl-2"/>
      </object_component>
      <object_component id="oc-258">
         <name>.text:PID_PITCH</name>
         <load_address>0x7358</load_address>
         <run_address>0x7358</run_address>
         <size>0x120</size>
         <input_file_ref idref="fl-2"/>
      </object_component>
      <object_component id="oc-28b">
         <name>.text:sqrt</name>
         <load_address>0x7478</load_address>
         <run_address>0x7478</run_address>
         <size>0x11e</size>
         <input_file_ref idref="fl-86"/>
      </object_component>
      <object_component id="oc-257">
         <name>.text:PID_ROLL</name>
         <load_address>0x7596</load_address>
         <run_address>0x7596</run_address>
         <size>0x11c</size>
         <input_file_ref idref="fl-2"/>
      </object_component>
      <object_component id="oc-2c8">
         <name>.text:_FDscale</name>
         <load_address>0x76b2</load_address>
         <run_address>0x76b2</run_address>
         <size>0x11c</size>
         <input_file_ref idref="fl-8e"/>
      </object_component>
      <object_component id="oc-253">
         <name>.text:Data_Send_Status</name>
         <load_address>0x77ce</load_address>
         <run_address>0x77ce</run_address>
         <size>0x11a</size>
         <input_file_ref idref="fl-9"/>
      </object_component>
      <object_component id="oc-254">
         <name>.text:Data_Send_MotoPWM</name>
         <load_address>0x78e8</load_address>
         <run_address>0x78e8</run_address>
         <size>0x108</size>
         <input_file_ref idref="fl-9"/>
      </object_component>
      <object_component id="oc-2b1">
         <name>.text:accel_self_test</name>
         <load_address>0x79f0</load_address>
         <run_address>0x79f0</run_address>
         <size>0xfe</size>
         <input_file_ref idref="fl-5"/>
      </object_component>
      <object_component id="oc-270">
         <name>.text:asin</name>
         <load_address>0x7aee</load_address>
         <run_address>0x7aee</run_address>
         <size>0xec</size>
         <input_file_ref idref="fl-42"/>
      </object_component>
      <object_component id="oc-2c4">
         <name>.text:get_accel_prod_shift</name>
         <load_address>0x7bda</load_address>
         <run_address>0x7bda</run_address>
         <size>0xea</size>
         <input_file_ref idref="fl-5"/>
      </object_component>
      <object_component id="oc-297">
         <name>.text:mpu_lp_accel_mode</name>
         <load_address>0x7cc4</load_address>
         <run_address>0x7cc4</run_address>
         <size>0xe6</size>
         <input_file_ref idref="fl-5"/>
      </object_component>
      <object_component id="oc-25a">
         <name>.text:PWM_CALCULATE</name>
         <load_address>0x7daa</load_address>
         <run_address>0x7daa</run_address>
         <size>0xce</size>
         <input_file_ref idref="fl-2"/>
      </object_component>
      <object_component id="oc-299">
         <name>.text:mpu_load_firmware</name>
         <load_address>0x7e78</load_address>
         <run_address>0x7e78</run_address>
         <size>0xc2</size>
         <input_file_ref idref="fl-5"/>
      </object_component>
      <object_component id="oc-284">
         <name>.text:mpu_read_fifo_stream</name>
         <load_address>0x7f3a</load_address>
         <run_address>0x7f3a</run_address>
         <size>0xc2</size>
         <input_file_ref idref="fl-5"/>
      </object_component>
      <object_component id="oc-276">
         <name>.text:mpu_set_sensors</name>
         <load_address>0x7ffc</load_address>
         <run_address>0x7ffc</run_address>
         <size>0xc0</size>
         <input_file_ref idref="fl-5"/>
      </object_component>
      <object_component id="oc-2ca">
         <name>.text:SendByte</name>
         <load_address>0x80bc</load_address>
         <run_address>0x80bc</run_address>
         <size>0xba</size>
         <input_file_ref idref="fl-7"/>
      </object_component>
      <object_component id="oc-13d">
         <name>.text</name>
         <load_address>0x8176</load_address>
         <run_address>0x8176</run_address>
         <size>0xb6</size>
         <input_file_ref idref="fl-57"/>
      </object_component>
      <object_component id="oc-278">
         <name>.text:mpu_set_sample_rate</name>
         <load_address>0x822c</load_address>
         <run_address>0x822c</run_address>
         <size>0x98</size>
         <input_file_ref idref="fl-5"/>
      </object_component>
      <object_component id="oc-12e">
         <name>.text</name>
         <load_address>0x82c4</load_address>
         <run_address>0x82c4</run_address>
         <size>0x8e</size>
         <input_file_ref idref="fl-54"/>
      </object_component>
      <object_component id="oc-2d2">
         <name>.text:_FDnorm</name>
         <load_address>0x8352</load_address>
         <run_address>0x8352</run_address>
         <size>0x8c</size>
         <input_file_ref idref="fl-9d"/>
      </object_component>
      <object_component id="oc-283">
         <name>.text:mpu_set_dmp_state</name>
         <load_address>0x83de</load_address>
         <run_address>0x83de</run_address>
         <size>0x80</size>
         <input_file_ref idref="fl-5"/>
      </object_component>
      <object_component id="oc-2cc">
         <name>.text:RcvByte</name>
         <load_address>0x845e</load_address>
         <run_address>0x845e</run_address>
         <size>0x7e</size>
         <input_file_ref idref="fl-7"/>
      </object_component>
      <object_component id="oc-291">
         <name>.text:mpu_set_gyro_fsr</name>
         <load_address>0x84dc</load_address>
         <run_address>0x84dc</run_address>
         <size>0x7e</size>
         <input_file_ref idref="fl-5"/>
      </object_component>
      <object_component id="oc-14c">
         <name>.text</name>
         <load_address>0x855a</load_address>
         <run_address>0x855a</run_address>
         <size>0x7e</size>
         <input_file_ref idref="fl-5a"/>
      </object_component>
      <object_component id="oc-293">
         <name>.text:mpu_set_lpf</name>
         <load_address>0x85d8</load_address>
         <run_address>0x85d8</run_address>
         <size>0x7c</size>
         <input_file_ref idref="fl-5"/>
      </object_component>
      <object_component id="oc-24c">
         <name>.text:_auto_init_hold_wdt</name>
         <load_address>0x8654</load_address>
         <run_address>0x8654</run_address>
         <size>0x7a</size>
         <input_file_ref idref="fl-95"/>
      </object_component>
      <object_component id="oc-2bf">
         <name>.text:mpu_read_mem</name>
         <load_address>0x86ce</load_address>
         <run_address>0x86ce</run_address>
         <size>0x7a</size>
         <input_file_ref idref="fl-5"/>
      </object_component>
      <object_component id="oc-29e">
         <name>.text:mpu_write_mem</name>
         <load_address>0x8748</load_address>
         <run_address>0x8748</run_address>
         <size>0x7a</size>
         <input_file_ref idref="fl-5"/>
      </object_component>
      <object_component id="oc-25d">
         <name>.text:Data_Receive_Ctl</name>
         <load_address>0x87c2</load_address>
         <run_address>0x87c2</run_address>
         <size>0x78</size>
         <input_file_ref idref="fl-9"/>
      </object_component>
      <object_component id="oc-2be">
         <name>.text:IRcvStr</name>
         <load_address>0x883a</load_address>
         <run_address>0x883a</run_address>
         <size>0x78</size>
         <input_file_ref idref="fl-7"/>
      </object_component>
      <object_component id="oc-292">
         <name>.text:mpu_set_accel_fsr</name>
         <load_address>0x88b2</load_address>
         <run_address>0x88b2</run_address>
         <size>0x78</size>
         <input_file_ref idref="fl-5"/>
      </object_component>
      <object_component id="oc-27c">
         <name>.text:dmp_set_fifo_rate</name>
         <load_address>0x892a</load_address>
         <run_address>0x892a</run_address>
         <size>0x74</size>
         <input_file_ref idref="fl-8"/>
      </object_component>
      <object_component id="oc-296">
         <name>.text:set_int_enable</name>
         <load_address>0x899e</load_address>
         <run_address>0x899e</run_address>
         <size>0x74</size>
         <input_file_ref idref="fl-5"/>
      </object_component>
      <object_component id="oc-266">
         <name>.text:int_clk</name>
         <load_address>0x8a12</load_address>
         <run_address>0x8a12</run_address>
         <size>0x6c</size>
         <input_file_ref idref="fl-6"/>
      </object_component>
      <object_component id="oc-25b">
         <name>.text:PWM_SET</name>
         <load_address>0x8a7e</load_address>
         <run_address>0x8a7e</run_address>
         <size>0x6a</size>
         <input_file_ref idref="fl-2"/>
      </object_component>
      <object_component id="oc-147">
         <name>.text</name>
         <load_address>0x8ae8</load_address>
         <run_address>0x8ae8</run_address>
         <size>0x68</size>
         <input_file_ref idref="fl-59"/>
      </object_component>
      <object_component id="oc-277">
         <name>.text:mpu_configure_fifo</name>
         <load_address>0x8b50</load_address>
         <run_address>0x8b50</run_address>
         <size>0x66</size>
         <input_file_ref idref="fl-5"/>
      </object_component>
      <object_component id="oc-2c7">
         <name>.text:_FDunscale</name>
         <load_address>0x8bb6</load_address>
         <run_address>0x8bb6</run_address>
         <size>0x64</size>
         <input_file_ref idref="fl-8f"/>
      </object_component>
      <object_component id="oc-295">
         <name>.text:mpu_set_int_latched</name>
         <load_address>0x8c1a</load_address>
         <run_address>0x8c1a</run_address>
         <size>0x60</size>
         <input_file_ref idref="fl-5"/>
      </object_component>
      <object_component id="oc-2bd">
         <name>.text:ISendStr</name>
         <load_address>0x8c7a</load_address>
         <run_address>0x8c7a</run_address>
         <size>0x5e</size>
         <input_file_ref idref="fl-7"/>
      </object_component>
      <object_component id="oc-2c9">
         <name>.text:Start_I2c</name>
         <load_address>0x8cd8</load_address>
         <run_address>0x8cd8</run_address>
         <size>0x5c</size>
         <input_file_ref idref="fl-7"/>
      </object_component>
      <object_component id="oc-2b3">
         <name>.text:__mpyll</name>
         <load_address>0x8d34</load_address>
         <run_address>0x8d34</run_address>
         <size>0x5a</size>
         <input_file_ref idref="fl-83"/>
      </object_component>
      <object_component id="oc-110">
         <name>.text</name>
         <load_address>0x8d8e</load_address>
         <run_address>0x8d8e</run_address>
         <size>0x58</size>
         <input_file_ref idref="fl-4e"/>
      </object_component>
      <object_component id="oc-2a5">
         <name>.text:dmp_set_shake_reject_thresh</name>
         <load_address>0x8de6</load_address>
         <run_address>0x8de6</run_address>
         <size>0x56</size>
         <input_file_ref idref="fl-8"/>
      </object_component>
      <object_component id="oc-2ad">
         <name>.text:mpu_get_lpf</name>
         <load_address>0x8e3c</load_address>
         <run_address>0x8e3c</run_address>
         <size>0x54</size>
         <input_file_ref idref="fl-5"/>
      </object_component>
      <object_component id="oc-271">
         <name>.text:Data_Send_Check</name>
         <load_address>0x8e90</load_address>
         <run_address>0x8e90</run_address>
         <size>0x52</size>
         <input_file_ref idref="fl-9"/>
      </object_component>
      <object_component id="oc-274">
         <name>.text:SetVcoreUp</name>
         <load_address>0x8ee2</load_address>
         <run_address>0x8ee2</run_address>
         <size>0x52</size>
         <input_file_ref idref="fl-6"/>
      </object_component>
      <object_component id="oc-287">
         <name>.text:decode_gesture</name>
         <load_address>0x8f34</load_address>
         <run_address>0x8f34</run_address>
         <size>0x50</size>
         <input_file_ref idref="fl-8"/>
      </object_component>
      <object_component id="oc-27e">
         <name>.text:mpu_get_gyro_sens</name>
         <load_address>0x8f84</load_address>
         <run_address>0x8f84</run_address>
         <size>0x4e</size>
         <input_file_ref idref="fl-5"/>
      </object_component>
      <object_component id="oc-250">
         <name>.text:main</name>
         <load_address>0x8fd2</load_address>
         <run_address>0x8fd2</run_address>
         <size>0x4c</size>
         <input_file_ref idref="fl-2"/>
      </object_component>
      <object_component id="oc-129">
         <name>.text</name>
         <load_address>0x901e</load_address>
         <run_address>0x901e</run_address>
         <size>0x4a</size>
         <input_file_ref idref="fl-53"/>
      </object_component>
      <object_component id="oc-138">
         <name>.text</name>
         <load_address>0x9068</load_address>
         <run_address>0x9068</run_address>
         <size>0x4a</size>
         <input_file_ref idref="fl-56"/>
      </object_component>
      <object_component id="oc-29f">
         <name>.text:dmp_enable_gyro_cal</name>
         <load_address>0x90b2</load_address>
         <run_address>0x90b2</run_address>
         <size>0x48</size>
         <input_file_ref idref="fl-8"/>
      </object_component>
      <object_component id="oc-280">
         <name>.text:mpu_get_accel_sens</name>
         <load_address>0x90fa</load_address>
         <run_address>0x90fa</run_address>
         <size>0x46</size>
         <input_file_ref idref="fl-5"/>
      </object_component>
      <object_component id="oc-151">
         <name>.text</name>
         <load_address>0x9140</load_address>
         <run_address>0x9140</run_address>
         <size>0x46</size>
         <input_file_ref idref="fl-5b"/>
      </object_component>
      <object_component id="oc-2a9">
         <name>.text:dmp_enable_6x_lp_quat</name>
         <load_address>0x9186</load_address>
         <run_address>0x9186</run_address>
         <size>0x44</size>
         <input_file_ref idref="fl-8"/>
      </object_component>
      <object_component id="oc-2a8">
         <name>.text:dmp_enable_lp_quat</name>
         <load_address>0x91ca</load_address>
         <run_address>0x91ca</run_address>
         <size>0x44</size>
         <input_file_ref idref="fl-8"/>
      </object_component>
      <object_component id="oc-2b4">
         <name>.text:__asrll</name>
         <load_address>0x920e</load_address>
         <run_address>0x920e</run_address>
         <size>0x40</size>
         <input_file_ref idref="fl-44"/>
      </object_component>
      <object_component id="oc-2ac">
         <name>.text:mpu_get_accel_fsr</name>
         <load_address>0x924e</load_address>
         <run_address>0x924e</run_address>
         <size>0x40</size>
         <input_file_ref idref="fl-5"/>
      </object_component>
      <object_component id="oc-10b">
         <name>.text</name>
         <load_address>0x928e</load_address>
         <run_address>0x928e</run_address>
         <size>0x40</size>
         <input_file_ref idref="fl-4d"/>
      </object_component>
      <object_component id="oc-2cd">
         <name>.text:Ack_I2c</name>
         <load_address>0x92ce</load_address>
         <run_address>0x92ce</run_address>
         <size>0x3e</size>
         <input_file_ref idref="fl-7"/>
      </object_component>
      <object_component id="oc-272">
         <name>.text:HexToDem</name>
         <load_address>0x930c</load_address>
         <run_address>0x930c</run_address>
         <size>0x3e</size>
         <input_file_ref idref="fl-9"/>
      </object_component>
      <object_component id="oc-2ce">
         <name>.text:NoAck_I2c</name>
         <load_address>0x934a</load_address>
         <run_address>0x934a</run_address>
         <size>0x3e</size>
         <input_file_ref idref="fl-7"/>
      </object_component>
      <object_component id="oc-2b5">
         <name>.text:l_asr_const</name>
         <load_address>0x9388</load_address>
         <run_address>0x9388</run_address>
         <size>0x3e</size>
         <input_file_ref idref="fl-43"/>
      </object_component>
      <object_component id="oc-285">
         <name>.text:l_lsl_const</name>
         <load_address>0x93c6</load_address>
         <run_address>0x93c6</run_address>
         <size>0x3e</size>
         <input_file_ref idref="fl-74"/>
      </object_component>
      <object_component id="oc-2ab">
         <name>.text:mpu_get_gyro_fsr</name>
         <load_address>0x9404</load_address>
         <run_address>0x9404</run_address>
         <size>0x3c</size>
         <input_file_ref idref="fl-5"/>
      </object_component>
      <object_component id="oc-2cb">
         <name>.text:Stop_I2c</name>
         <load_address>0x9440</load_address>
         <run_address>0x9440</run_address>
         <size>0x3a</size>
         <input_file_ref idref="fl-7"/>
      </object_component>
      <object_component id="oc-2b6">
         <name>.text:__lslll</name>
         <load_address>0x947a</load_address>
         <run_address>0x947a</run_address>
         <size>0x3a</size>
         <input_file_ref idref="fl-75"/>
      </object_component>
      <object_component id="oc-2d4">
         <name>.text:__lsrll</name>
         <load_address>0x94b4</load_address>
         <run_address>0x94b4</run_address>
         <size>0x3a</size>
         <input_file_ref idref="fl-77"/>
      </object_component>
      <object_component id="oc-269">
         <name>.text:PWM_INIT</name>
         <load_address>0x94ee</load_address>
         <run_address>0x94ee</run_address>
         <size>0x38</size>
         <input_file_ref idref="fl-2"/>
      </object_component>
      <object_component id="oc-2d1">
         <name>.text:signal</name>
         <load_address>0x9526</load_address>
         <run_address>0x9526</run_address>
         <size>0x38</size>
         <input_file_ref idref="fl-9c"/>
      </object_component>
      <object_component id="oc-28a">
         <name>.text:_Feraise</name>
         <load_address>0x955e</load_address>
         <run_address>0x955e</run_address>
         <size>0x36</size>
         <input_file_ref idref="fl-90"/>
      </object_component>
      <object_component id="oc-133">
         <name>.text</name>
         <load_address>0x9594</load_address>
         <run_address>0x9594</run_address>
         <size>0x36</size>
         <input_file_ref idref="fl-55"/>
      </object_component>
      <object_component id="oc-268">
         <name>.text:Bluth_UART_Init</name>
         <load_address>0x95ca</load_address>
         <run_address>0x95ca</run_address>
         <size>0x34</size>
         <input_file_ref idref="fl-9"/>
      </object_component>
      <object_component id="oc-2a1">
         <name>.text:dmp_set_tap_axes</name>
         <load_address>0x95fe</load_address>
         <run_address>0x95fe</run_address>
         <size>0x34</size>
         <input_file_ref idref="fl-8"/>
      </object_component>
      <object_component id="oc-2ba">
         <name>.text:feraiseexcept</name>
         <load_address>0x9632</load_address>
         <run_address>0x9632</run_address>
         <size>0x34</size>
         <input_file_ref idref="fl-97"/>
      </object_component>
      <object_component id="oc-2c6">
         <name>.text:raise</name>
         <load_address>0x9666</load_address>
         <run_address>0x9666</run_address>
         <size>0x32</size>
         <input_file_ref idref="fl-9b"/>
      </object_component>
      <object_component id="oc-156">
         <name>.text</name>
         <load_address>0x9698</load_address>
         <run_address>0x9698</run_address>
         <size>0x32</size>
         <input_file_ref idref="fl-5c"/>
      </object_component>
      <object_component id="oc-28e">
         <name>.text:msp430_delay_ms</name>
         <load_address>0x96ca</load_address>
         <run_address>0x96ca</run_address>
         <size>0x2e</size>
         <input_file_ref idref="fl-4"/>
      </object_component>
      <object_component id="oc-101">
         <name>.text</name>
         <load_address>0x96f8</load_address>
         <run_address>0x96f8</run_address>
         <size>0x2c</size>
         <input_file_ref idref="fl-4b"/>
      </object_component>
      <object_component id="oc-2a2">
         <name>.text:dmp_set_tap_count</name>
         <load_address>0x9724</load_address>
         <run_address>0x9724</run_address>
         <size>0x28</size>
         <input_file_ref idref="fl-8"/>
      </object_component>
      <object_component id="oc-26a">
         <name>.text:TIMEA1_INIT</name>
         <load_address>0x974c</load_address>
         <run_address>0x974c</run_address>
         <size>0x26</size>
         <input_file_ref idref="fl-2"/>
      </object_component>
      <object_component id="oc-2a6">
         <name>.text:dmp_set_shake_reject_time</name>
         <load_address>0x9772</load_address>
         <run_address>0x9772</run_address>
         <size>0x26</size>
         <input_file_ref idref="fl-8"/>
      </object_component>
      <object_component id="oc-2a7">
         <name>.text:dmp_set_shake_reject_timeout</name>
         <load_address>0x9798</load_address>
         <run_address>0x9798</run_address>
         <size>0x26</size>
         <input_file_ref idref="fl-8"/>
      </object_component>
      <object_component id="oc-2a3">
         <name>.text:dmp_set_tap_time</name>
         <load_address>0x97be</load_address>
         <run_address>0x97be</run_address>
         <size>0x26</size>
         <input_file_ref idref="fl-8"/>
      </object_component>
      <object_component id="oc-2a4">
         <name>.text:dmp_set_tap_time_multi</name>
         <load_address>0x97e4</load_address>
         <run_address>0x97e4</run_address>
         <size>0x26</size>
         <input_file_ref idref="fl-8"/>
      </object_component>
      <object_component id="oc-2c0">
         <name>.text:memcmp</name>
         <load_address>0x980a</load_address>
         <run_address>0x980a</run_address>
         <size>0x26</size>
         <input_file_ref idref="fl-78"/>
      </object_component>
      <object_component id="oc-15b">
         <name>.text</name>
         <load_address>0x9830</load_address>
         <run_address>0x9830</run_address>
         <size>0x24</size>
         <input_file_ref idref="fl-5d"/>
      </object_component>
      <object_component id="oc-281">
         <name>.text</name>
         <load_address>0x9854</load_address>
         <run_address>0x9854</run_address>
         <size>0x22</size>
         <input_file_ref idref="fl-81"/>
      </object_component>
      <object_component id="oc-26e">
         <name>.text:Uart0_Put_Buf</name>
         <load_address>0x9876</load_address>
         <run_address>0x9876</run_address>
         <size>0x1e</size>
         <input_file_ref idref="fl-9"/>
      </object_component>
      <object_component id="oc-279">
         <name>.text:dmp_load_motion_driver_firmware</name>
         <load_address>0x9894</load_address>
         <run_address>0x9894</run_address>
         <size>0x18</size>
         <input_file_ref idref="fl-8"/>
      </object_component>
      <object_component id="oc-288">
         <name>.text:msp430_get_clock_ms</name>
         <load_address>0x98ac</load_address>
         <run_address>0x98ac</run_address>
         <size>0x18</size>
         <input_file_ref idref="fl-4"/>
      </object_component>
      <object_component id="oc-2cf">
         <name>.text:llabs</name>
         <load_address>0x98c4</load_address>
         <run_address>0x98c4</run_address>
         <size>0x16</size>
         <input_file_ref idref="fl-72"/>
      </object_component>
      <object_component id="oc-290">
         <name>.text:memset</name>
         <load_address>0x98da</load_address>
         <run_address>0x98da</run_address>
         <size>0x16</size>
         <input_file_ref idref="fl-7a"/>
      </object_component>
      <object_component id="oc-106">
         <name>.text</name>
         <load_address>0x98f0</load_address>
         <run_address>0x98f0</run_address>
         <size>0x16</size>
         <input_file_ref idref="fl-4c"/>
      </object_component>
      <object_component id="oc-28c">
         <name>.text</name>
         <load_address>0x9906</load_address>
         <run_address>0x9906</run_address>
         <size>0x16</size>
         <input_file_ref idref="fl-7e"/>
      </object_component>
      <object_component id="oc-245">
         <name>.text:memcpy</name>
         <load_address>0x991c</load_address>
         <run_address>0x991c</run_address>
         <size>0x14</size>
         <input_file_ref idref="fl-79"/>
      </object_component>
      <object_component id="oc-2ae">
         <name>.text:mpu_get_sample_rate</name>
         <load_address>0x9930</load_address>
         <run_address>0x9930</run_address>
         <size>0x14</size>
         <input_file_ref idref="fl-5"/>
      </object_component>
      <object_component id="oc-2d3">
         <name>.text:l_lsr</name>
         <load_address>0x9944</load_address>
         <run_address>0x9944</run_address>
         <size>0x10</size>
         <input_file_ref idref="fl-76"/>
      </object_component>
      <object_component id="oc-2c5">
         <name>.text:labs</name>
         <load_address>0x9954</load_address>
         <run_address>0x9954</run_address>
         <size>0xe</size>
         <input_file_ref idref="fl-71"/>
      </object_component>
      <object_component id="oc-28f">
         <name>.text:msp430_i2c_read</name>
         <load_address>0x9962</load_address>
         <run_address>0x9962</run_address>
         <size>0xe</size>
         <input_file_ref idref="fl-a"/>
      </object_component>
      <object_component id="oc-28d">
         <name>.text:msp430_i2c_write</name>
         <load_address>0x9970</load_address>
         <run_address>0x9970</run_address>
         <size>0xe</size>
         <input_file_ref idref="fl-a"/>
      </object_component>
      <object_component id="oc-2af">
         <name>.text:mpu_get_fifo_config</name>
         <load_address>0x997e</load_address>
         <run_address>0x997e</run_address>
         <size>0xa</size>
         <input_file_ref idref="fl-5"/>
      </object_component>
      <object_component id="oc-142">
         <name>.text</name>
         <load_address>0x9988</load_address>
         <run_address>0x9988</run_address>
         <size>0xa</size>
         <input_file_ref idref="fl-58"/>
      </object_component>
      <object_component id="oc-16f">
         <name>.text</name>
         <load_address>0x9992</load_address>
         <run_address>0x9992</run_address>
         <size>0xa</size>
         <input_file_ref idref="fl-73"/>
      </object_component>
      <object_component id="oc-225">
         <name>.text</name>
         <load_address>0x999c</load_address>
         <run_address>0x999c</run_address>
         <size>0xa</size>
         <input_file_ref idref="fl-99"/>
      </object_component>
      <object_component id="oc-26c">
         <name>.text:BYTE1</name>
         <load_address>0x99a6</load_address>
         <run_address>0x99a6</run_address>
         <size>0x8</size>
         <input_file_ref idref="fl-9"/>
      </object_component>
      <object_component id="oc-26d">
         <name>.text:BYTE0</name>
         <load_address>0x99ae</load_address>
         <run_address>0x99ae</run_address>
         <size>0x4</size>
         <input_file_ref idref="fl-9"/>
      </object_component>
      <object_component id="oc-2bc">
         <name>.text:_Dscale</name>
         <load_address>0x99b2</load_address>
         <run_address>0x99b2</run_address>
         <size>0x4</size>
         <input_file_ref idref="fl-8a"/>
      </object_component>
      <object_component id="oc-2bb">
         <name>.text:_Dunscale</name>
         <load_address>0x99b6</load_address>
         <run_address>0x99b6</run_address>
         <size>0x4</size>
         <input_file_ref idref="fl-8b"/>
      </object_component>
      <object_component id="oc-24b">
         <name>.text:_system_pre_init</name>
         <load_address>0x99ba</load_address>
         <run_address>0x99ba</run_address>
         <size>0x4</size>
         <input_file_ref idref="fl-85"/>
      </object_component>
      <object_component id="oc-251">
         <name>.text:abort</name>
         <load_address>0x99be</load_address>
         <run_address>0x99be</run_address>
         <size>0x4</size>
         <input_file_ref idref="fl-51"/>
      </object_component>
      <object_component id="oc-273">
         <name>.text:_nop</name>
         <load_address>0x99c2</load_address>
         <run_address>0x99c2</run_address>
         <size>0x2</size>
         <input_file_ref idref="fl-93"/>
      </object_component>
      <object_component id="oc-249">
         <name>.text:_isr:Dat_SendReceive</name>
         <load_address>0x4400</load_address>
         <run_address>0x4400</run_address>
         <size>0xb8</size>
         <input_file_ref idref="fl-2"/>
      </object_component>
      <object_component id="oc-248">
         <name>.text:_isr:PID_CONTROL</name>
         <load_address>0x44b8</load_address>
         <run_address>0x44b8</run_address>
         <size>0x9e</size>
         <input_file_ref idref="fl-2"/>
      </object_component>
      <object_component id="oc-24a">
         <name>.text:_isr:TIMERB0_ISR</name>
         <load_address>0x4556</load_address>
         <run_address>0x4556</run_address>
         <size>0x42</size>
         <input_file_ref idref="fl-4"/>
      </object_component>
      <object_component id="oc-87">
         <name>.text:_isr:_c_int00_noargs_noexit</name>
         <load_address>0x4598</load_address>
         <run_address>0x4598</run_address>
         <size>0x1a</size>
         <input_file_ref idref="fl-47"/>
      </object_component>
      <object_component id="oc-247">
         <name>.text:_isr:HC_SR06_ISR</name>
         <load_address>0x45b2</load_address>
         <run_address>0x45b2</run_address>
         <size>0xc</size>
         <input_file_ref idref="fl-2"/>
      </object_component>
      <object_component id="oc-160">
         <name>.text:_isr:__TI_ISR_TRAP</name>
         <load_address>0x45be</load_address>
         <run_address>0x45be</run_address>
         <size>0x6</size>
         <input_file_ref idref="fl-70"/>
      </object_component>
      <object_component id="oc-8f">
         <name>.cinit</name>
         <load_address>0xa6c0</load_address>
         <run_address>0xa6c0</run_address>
         <size>0x131</size>
         <input_file_ref idref="fl-2"/>
      </object_component>
      <object_component id="oc-204">
         <name>.cinit</name>
         <load_address>0xa7f2</load_address>
         <run_address>0xa7f2</run_address>
         <size>0x5a</size>
         <input_file_ref idref="fl-92"/>
      </object_component>
      <object_component id="oc-200">
         <name>.cinit</name>
         <load_address>0xa84c</load_address>
         <run_address>0xa84c</run_address>
         <size>0x50</size>
         <input_file_ref idref="fl-91"/>
      </object_component>
      <object_component id="oc-9b">
         <name>.cinit</name>
         <load_address>0xa89c</load_address>
         <run_address>0xa89c</run_address>
         <size>0x24</size>
         <input_file_ref idref="fl-4"/>
      </object_component>
      <object_component id="oc-a2">
         <name>.cinit</name>
         <load_address>0xa8c0</load_address>
         <run_address>0xa8c0</run_address>
         <size>0x1a</size>
         <input_file_ref idref="fl-5"/>
      </object_component>
      <object_component id="oc-b5">
         <name>.cinit</name>
         <load_address>0xa8da</load_address>
         <run_address>0xa8da</run_address>
         <size>0x15</size>
         <input_file_ref idref="fl-8"/>
      </object_component>
      <object_component id="oc-21b">
         <name>.cinit</name>
         <load_address>0xa8f0</load_address>
         <run_address>0xa8f0</run_address>
         <size>0x14</size>
         <input_file_ref idref="fl-97"/>
      </object_component>
      <object_component id="oc-25f">
         <name>.cinit:_lock</name>
         <load_address>0xa904</load_address>
         <run_address>0xa904</run_address>
         <size>0xa</size>
         <input_file_ref idref="fl-93"/>
      </object_component>
      <object_component id="oc-265">
         <name>.cinit:_unlock</name>
         <load_address>0xa90e</load_address>
         <run_address>0xa90e</run_address>
         <size>0xa</size>
         <input_file_ref idref="fl-93"/>
      </object_component>
      <object_component id="oc-235">
         <name>.cinit</name>
         <load_address>0xa918</load_address>
         <run_address>0xa918</run_address>
         <size>0xa</size>
         <input_file_ref idref="fl-9c"/>
      </object_component>
      <object_component id="oc-217">
         <name>.cinit</name>
         <load_address>0xa922</load_address>
         <run_address>0xa922</run_address>
         <size>0x8</size>
         <input_file_ref idref="fl-96"/>
      </object_component>
      <object_component id="oc-298">
         <name>.const:.string:dmp_memory</name>
         <load_address>0x99c4</load_address>
         <run_address>0x99c4</run_address>
         <size>0xbf6</size>
         <input_file_ref idref="fl-8"/>
      </object_component>
      <object_component id="oc-a3">
         <name>.const</name>
         <load_address>0xa5ba</load_address>
         <run_address>0xa5ba</run_address>
         <size>0x52</size>
         <input_file_ref idref="fl-5"/>
      </object_component>
      <object_component id="oc-240">
         <name>.const</name>
         <load_address>0xa60c</load_address>
         <run_address>0xa60c</run_address>
         <size>0x2c</size>
         <input_file_ref idref="fl-9e"/>
      </object_component>
      <object_component id="oc-2b9">
         <name>.const:a</name>
         <load_address>0xa638</load_address>
         <run_address>0xa638</run_address>
         <size>0x20</size>
         <input_file_ref idref="fl-88"/>
      </object_component>
      <object_component id="oc-1e5">
         <name>.const</name>
         <load_address>0xa658</load_address>
         <run_address>0xa658</run_address>
         <size>0x10</size>
         <input_file_ref idref="fl-8c"/>
      </object_component>
      <object_component id="oc-1bb">
         <name>.const</name>
         <load_address>0xa668</load_address>
         <run_address>0xa668</run_address>
         <size>0xe</size>
         <input_file_ref idref="fl-84"/>
      </object_component>
      <object_component id="oc-2aa">
         <name>.const:.string:$P$T4$5</name>
         <load_address>0xa676</load_address>
         <run_address>0xa676</run_address>
         <size>0xc</size>
         <input_file_ref idref="fl-8"/>
      </object_component>
      <object_component id="oc-2c1">
         <name>.const:.string:$P$T5$6</name>
         <load_address>0xa682</load_address>
         <run_address>0xa682</run_address>
         <size>0x9</size>
         <input_file_ref idref="fl-8"/>
      </object_component>
      <object_component id="oc-2c2">
         <name>.const:.string:$P$T6$7</name>
         <load_address>0xa68c</load_address>
         <run_address>0xa68c</run_address>
         <size>0x9</size>
         <input_file_ref idref="fl-8"/>
      </object_component>
      <object_component id="oc-2b8">
         <name>.const:c</name>
         <load_address>0xa696</load_address>
         <run_address>0xa696</run_address>
         <size>0x8</size>
         <input_file_ref idref="fl-88"/>
      </object_component>
      <object_component id="oc-1d0">
         <name>.const</name>
         <load_address>0xa69e</load_address>
         <run_address>0xa69e</run_address>
         <size>0x8</size>
         <input_file_ref idref="fl-88"/>
      </object_component>
      <object_component id="oc-d3">
         <name>.const</name>
         <load_address>0xa6a6</load_address>
         <run_address>0xa6a6</run_address>
         <size>0x4</size>
         <input_file_ref idref="fl-42"/>
      </object_component>
      <object_component id="oc-2b7">
         <name>.const:s</name>
         <load_address>0xa6aa</load_address>
         <run_address>0xa6aa</run_address>
         <size>0x4</size>
         <input_file_ref idref="fl-88"/>
      </object_component>
      <object_component id="oc-29a">
         <name>.const:.string:$P$T0$1</name>
         <load_address>0xa6ae</load_address>
         <run_address>0xa6ae</run_address>
         <size>0x3</size>
         <input_file_ref idref="fl-8"/>
      </object_component>
      <object_component id="oc-29b">
         <name>.const:.string:$P$T1$2</name>
         <load_address>0xa6b2</load_address>
         <run_address>0xa6b2</run_address>
         <size>0x3</size>
         <input_file_ref idref="fl-8"/>
      </object_component>
      <object_component id="oc-29c">
         <name>.const:.string:$P$T2$3</name>
         <load_address>0xa6b6</load_address>
         <run_address>0xa6b6</run_address>
         <size>0x3</size>
         <input_file_ref idref="fl-8"/>
      </object_component>
      <object_component id="oc-29d">
         <name>.const:.string:$P$T3$4</name>
         <load_address>0xa6ba</load_address>
         <run_address>0xa6ba</run_address>
         <size>0x3</size>
         <input_file_ref idref="fl-8"/>
      </object_component>
      <object_component id="oc-b6">
         <name>.const</name>
         <load_address>0xa6be</load_address>
         <run_address>0xa6be</run_address>
         <size>0x2</size>
         <input_file_ref idref="fl-8"/>
      </object_component>
      <object_component id="oc-6c">
         <name>.int41</name>
         <load_address>0xffd2</load_address>
         <run_address>0xffd2</run_address>
         <size>0x2</size>
         <input_file_ref idref="fl-5e"/>
      </object_component>
      <object_component id="oc-6d">
         <name>.int42</name>
         <load_address>0xffd4</load_address>
         <run_address>0xffd4</run_address>
         <size>0x2</size>
         <input_file_ref idref="fl-2"/>
      </object_component>
      <object_component id="oc-6e">
         <name>.int43</name>
         <load_address>0xffd6</load_address>
         <run_address>0xffd6</run_address>
         <size>0x2</size>
         <input_file_ref idref="fl-5f"/>
      </object_component>
      <object_component id="oc-6f">
         <name>.int44</name>
         <load_address>0xffd8</load_address>
         <run_address>0xffd8</run_address>
         <size>0x2</size>
         <input_file_ref idref="fl-60"/>
      </object_component>
      <object_component id="oc-70">
         <name>.int45</name>
         <load_address>0xffda</load_address>
         <run_address>0xffda</run_address>
         <size>0x2</size>
         <input_file_ref idref="fl-61"/>
      </object_component>
      <object_component id="oc-71">
         <name>.int46</name>
         <load_address>0xffdc</load_address>
         <run_address>0xffdc</run_address>
         <size>0x2</size>
         <input_file_ref idref="fl-62"/>
      </object_component>
      <object_component id="oc-72">
         <name>.int47</name>
         <load_address>0xffde</load_address>
         <run_address>0xffde</run_address>
         <size>0x2</size>
         <input_file_ref idref="fl-63"/>
      </object_component>
      <object_component id="oc-73">
         <name>.int48</name>
         <load_address>0xffe0</load_address>
         <run_address>0xffe0</run_address>
         <size>0x2</size>
         <input_file_ref idref="fl-2"/>
      </object_component>
      <object_component id="oc-74">
         <name>.int49</name>
         <load_address>0xffe2</load_address>
         <run_address>0xffe2</run_address>
         <size>0x2</size>
         <input_file_ref idref="fl-64"/>
      </object_component>
      <object_component id="oc-75">
         <name>.int50</name>
         <load_address>0xffe4</load_address>
         <run_address>0xffe4</run_address>
         <size>0x2</size>
         <input_file_ref idref="fl-65"/>
      </object_component>
      <object_component id="oc-76">
         <name>.int51</name>
         <load_address>0xffe6</load_address>
         <run_address>0xffe6</run_address>
         <size>0x2</size>
         <input_file_ref idref="fl-66"/>
      </object_component>
      <object_component id="oc-77">
         <name>.int52</name>
         <load_address>0xffe8</load_address>
         <run_address>0xffe8</run_address>
         <size>0x2</size>
         <input_file_ref idref="fl-67"/>
      </object_component>
      <object_component id="oc-78">
         <name>.int53</name>
         <load_address>0xffea</load_address>
         <run_address>0xffea</run_address>
         <size>0x2</size>
         <input_file_ref idref="fl-68"/>
      </object_component>
      <object_component id="oc-79">
         <name>.int54</name>
         <load_address>0xffec</load_address>
         <run_address>0xffec</run_address>
         <size>0x2</size>
         <input_file_ref idref="fl-69"/>
      </object_component>
      <object_component id="oc-7a">
         <name>.int55</name>
         <load_address>0xffee</load_address>
         <run_address>0xffee</run_address>
         <size>0x2</size>
         <input_file_ref idref="fl-6a"/>
      </object_component>
      <object_component id="oc-7b">
         <name>.int56</name>
         <load_address>0xfff0</load_address>
         <run_address>0xfff0</run_address>
         <size>0x2</size>
         <input_file_ref idref="fl-2"/>
      </object_component>
      <object_component id="oc-7c">
         <name>.int57</name>
         <load_address>0xfff2</load_address>
         <run_address>0xfff2</run_address>
         <size>0x2</size>
         <input_file_ref idref="fl-6b"/>
      </object_component>
      <object_component id="oc-7d">
         <name>.int58</name>
         <load_address>0xfff4</load_address>
         <run_address>0xfff4</run_address>
         <size>0x2</size>
         <input_file_ref idref="fl-6c"/>
      </object_component>
      <object_component id="oc-7e">
         <name>.int59</name>
         <load_address>0xfff6</load_address>
         <run_address>0xfff6</run_address>
         <size>0x2</size>
         <input_file_ref idref="fl-4"/>
      </object_component>
      <object_component id="oc-7f">
         <name>.int60</name>
         <load_address>0xfff8</load_address>
         <run_address>0xfff8</run_address>
         <size>0x2</size>
         <input_file_ref idref="fl-6d"/>
      </object_component>
      <object_component id="oc-80">
         <name>.int61</name>
         <load_address>0xfffa</load_address>
         <run_address>0xfffa</run_address>
         <size>0x2</size>
         <input_file_ref idref="fl-6e"/>
      </object_component>
      <object_component id="oc-81">
         <name>.int62</name>
         <load_address>0xfffc</load_address>
         <run_address>0xfffc</run_address>
         <size>0x2</size>
         <input_file_ref idref="fl-6f"/>
      </object_component>
      <object_component id="oc-e8">
         <name>.reset</name>
         <load_address>0xfffe</load_address>
         <run_address>0xfffe</run_address>
         <size>0x2</size>
         <input_file_ref idref="fl-46"/>
      </object_component>
      <object_component id="oc-8e">
         <name>.debug_info</name>
         <load_address>0x0</load_address>
         <run_address>0x0</run_address>
         <size>0x229c</size>
         <input_file_ref idref="fl-2"/>
      </object_component>
      <object_component id="oc-94">
         <name>.debug_info</name>
         <load_address>0x229c</load_address>
         <run_address>0x229c</run_address>
         <size>0x236</size>
         <input_file_ref idref="fl-3"/>
      </object_component>
      <object_component id="oc-9a">
         <name>.debug_info</name>
         <load_address>0x24d2</load_address>
[...]
         <object_component_ref idref="oc-28d"/>
      </symbol>
      <symbol id="sm-74f">
         <name>msp430_i2c_read</name>
         <value>0x9962</value>
         <object_component_ref idref="oc-28f"/>
      </symbol>
      <symbol id="sm-77d">
         <name>asin</name>
         <value>0x7aee</value>
         <object_component_ref idref="oc-270"/>
      </symbol>
      <symbol id="sm-789">
         <name>L_ASR_12</name>
         <value>0x9394</value>
         <object_component_ref idref="oc-2b5"/>
      </symbol>
      <symbol id="sm-78a">
         <name>L_ASR_13</name>
         <value>0x9390</value>
         <object_component_ref idref="oc-2b5"/>
      </symbol>
      <symbol id="sm-78b">
         <name>L_ASR_10</name>
         <value>0x939c</value>
         <object_component_ref idref="oc-2b5"/>
      </symbol>
      <symbol id="sm-78c">
         <name>L_ASR_11</name>
         <value>0x9398</value>
         <object_component_ref idref="oc-2b5"/>
      </symbol>
      <symbol id="sm-78d">
         <name>L_ASR_14</name>
         <value>0x938c</value>
         <object_component_ref idref="oc-2b5"/>
      </symbol>
      <symbol id="sm-78e">
         <name>L_ASR_15</name>
         <value>0x9388</value>
         <object_component_ref idref="oc-2b5"/>
      </symbol>
      <symbol id="sm-78f">
         <name>L_ASR_3</name>
         <value>0x93b8</value>
         <object_component_ref idref="oc-2b5"/>
      </symbol>
      <symbol id="sm-790">
         <name>L_ASR_2</name>
         <value>0x93bc</value>
         <object_component_ref idref="oc-2b5"/>
      </symbol>
      <symbol id="sm-791">
         <name>L_ASR_1</name>
         <value>0x93c0</value>
         <object_component_ref idref="oc-2b5"/>
      </symbol>
      <symbol id="sm-792">
         <name>L_ASR_7</name>
         <value>0x93a8</value>
         <object_component_ref idref="oc-2b5"/>
      </symbol>
      <symbol id="sm-793">
         <name>L_ASR_6</name>
         <value>0x93ac</value>
         <object_component_ref idref="oc-2b5"/>
      </symbol>
      <symbol id="sm-794">
         <name>L_ASR_5</name>
         <value>0x93b0</value>
         <object_component_ref idref="oc-2b5"/>
      </symbol>
      <symbol id="sm-795">
         <name>L_ASR_4</name>
         <value>0x93b4</value>
         <object_component_ref idref="oc-2b5"/>
      </symbol>
      <symbol id="sm-796">
         <name>L_ASR_9</name>
         <value>0x93a0</value>
         <object_component_ref idref="oc-2b5"/>
      </symbol>
      <symbol id="sm-797">
         <name>L_ASR_8</name>
         <value>0x93a4</value>
         <object_component_ref idref="oc-2b5"/>
      </symbol>
      <symbol id="sm-7a7">
         <name>__asrll</name>
         <value>0x920e</value>
         <object_component_ref idref="oc-2b4"/>
      </symbol>
      <symbol id="sm-7d0">
         <name>atan2</name>
         <value>0x6964</value>
         <object_component_ref idref="oc-26f"/>
      </symbol>
      <symbol id="sm-7df">
         <name>_stack</name>
         <value>0x4360</value>
         <object_component_ref idref="oc-e7"/>
      </symbol>
      <symbol id="sm-7e0">
         <name>_reset_vector</name>
         <value>0xfffe</value>
         <object_component_ref idref="oc-e8"/>
      </symbol>
      <symbol id="sm-7ee">
         <name>_c_int00_noargs_noexit</name>
         <value>0x4598</value>
         <object_component_ref idref="oc-87"/>
      </symbol>
      <symbol id="sm-819">
         <name>__remi</name>
         <value>0x96f8</value>
         <object_component_ref idref="oc-101"/>
      </symbol>
      <symbol id="sm-81a">
         <name>__divi</name>
         <value>0x96f8</value>
         <object_component_ref idref="oc-101"/>
      </symbol>
      <symbol id="sm-828">
         <name>__remu</name>
         <value>0x98f0</value>
         <object_component_ref idref="oc-106"/>
      </symbol>
      <symbol id="sm-829">
         <name>__divu</name>
         <value>0x98f0</value>
         <object_component_ref idref="oc-106"/>
      </symbol>
      <symbol id="sm-83a">
         <name>__remli</name>
         <value>0x928e</value>
         <object_component_ref idref="oc-10b"/>
      </symbol>
      <symbol id="sm-83b">
         <name>__divli</name>
         <value>0x928e</value>
         <object_component_ref idref="oc-10b"/>
      </symbol>
      <symbol id="sm-84e">
         <name>__divul</name>
         <value>0x8d8e</value>
         <object_component_ref idref="oc-110"/>
      </symbol>
      <symbol id="sm-84f">
         <name>__remul</name>
         <value>0x8d8e</value>
         <object_component_ref idref="oc-110"/>
      </symbol>
      <symbol id="sm-867">
         <name>__divlli</name>
         <value>0x6d60</value>
         <object_component_ref idref="oc-2c3"/>
      </symbol>
      <symbol id="sm-899">
         <name>__divull</name>
         <value>0x4b62</value>
         <object_component_ref idref="oc-2d0"/>
      </symbol>
      <symbol id="sm-8a7">
         <name>C$$EXIT</name>
         <value>0x99be</value>
         <object_component_ref idref="oc-251"/>
      </symbol>
      <symbol id="sm-8a8">
         <name>abort</name>
         <value>0x99be</value>
         <object_component_ref idref="oc-251"/>
      </symbol>
      <symbol id="sm-8d1">
         <name>__fs_add</name>
         <value>0x6fe2</value>
         <object_component_ref idref="oc-124"/>
      </symbol>
      <symbol id="sm-8d2">
         <name>__fs_sub</name>
         <value>0x6fdc</value>
         <object_component_ref idref="oc-124"/>
      </symbol>
      <symbol id="sm-8eb">
         <name>__fs_cmp</name>
         <value>0x901e</value>
         <object_component_ref idref="oc-129"/>
      </symbol>
      <symbol id="sm-90f">
         <name>__fs_div</name>
         <value>0x82c4</value>
         <object_component_ref idref="oc-12e"/>
      </symbol>
      <symbol id="sm-926">
         <name>__fs_itof</name>
         <value>0x9594</value>
         <object_component_ref idref="oc-133"/>
      </symbol>
      <symbol id="sm-940">
         <name>__fs_ltof</name>
         <value>0x9068</value>
         <object_component_ref idref="oc-138"/>
      </symbol>
      <symbol id="sm-96a">
         <name>__fs_mpy</name>
         <value>0x8176</value>
         <object_component_ref idref="oc-13d"/>
      </symbol>
      <symbol id="sm-978">
         <name>__fs_neg</name>
         <value>0x9988</value>
         <object_component_ref idref="oc-142"/>
      </symbol>
      <symbol id="sm-994">
         <name>__fs_toi</name>
         <value>0x8ae8</value>
         <object_component_ref idref="oc-147"/>
      </symbol>
      <symbol id="sm-9b2">
         <name>__fs_tol</name>
         <value>0x855a</value>
         <object_component_ref idref="oc-14c"/>
      </symbol>
      <symbol id="sm-9cb">
         <name>__fs_tou</name>
         <value>0x9140</value>
         <object_component_ref idref="oc-151"/>
      </symbol>
      <symbol id="sm-9e0">
         <name>__fs_ultof</name>
         <value>0x9698</value>
         <object_component_ref idref="oc-156"/>
      </symbol>
      <symbol id="sm-9f4">
         <name>__fs_utof</name>
         <value>0x9830</value>
         <object_component_ref idref="oc-15b"/>
      </symbol>
      <symbol id="sm-9f8">
         <name>__TI_int41</name>
         <value>0xffd2</value>
         <object_component_ref idref="oc-6c"/>
      </symbol>
      <symbol id="sm-9fc">
         <name>__TI_int43</name>
         <value>0xffd6</value>
         <object_component_ref idref="oc-6e"/>
      </symbol>
      <symbol id="sm-a00">
         <name>__TI_int44</name>
         <value>0xffd8</value>
         <object_component_ref idref="oc-6f"/>
      </symbol>
      <symbol id="sm-a04">
         <name>__TI_int45</name>
         <value>0xffda</value>
         <object_component_ref idref="oc-70"/>
      </symbol>
      <symbol id="sm-a08">
         <name>__TI_int46</name>
         <value>0xffdc</value>
         <object_component_ref idref="oc-71"/>
      </symbol>
      <symbol id="sm-a0c">
         <name>__TI_int47</name>
         <value>0xffde</value>
         <object_component_ref idref="oc-72"/>
      </symbol>
      <symbol id="sm-a10">
         <name>__TI_int49</name>
         <value>0xffe2</value>
         <object_component_ref idref="oc-74"/>
      </symbol>
      <symbol id="sm-a14">
         <name>__TI_int50</name>
         <value>0xffe4</value>
         <object_component_ref idref="oc-75"/>
      </symbol>
      <symbol id="sm-a18">
         <name>__TI_int51</name>
         <value>0xffe6</value>
         <object_component_ref idref="oc-76"/>
      </symbol>
      <symbol id="sm-a1c">
         <name>__TI_int52</name>
         <value>0xffe8</value>
         <object_component_ref idref="oc-77"/>
      </symbol>
      <symbol id="sm-a20">
         <name>__TI_int53</name>
         <value>0xffea</value>
         <object_component_ref idref="oc-78"/>
      </symbol>
      <symbol id="sm-a24">
         <name>__TI_int54</name>
         <value>0xffec</value>
         <object_component_ref idref="oc-79"/>
      </symbol>
      <symbol id="sm-a28">
         <name>__TI_int55</name>
         <value>0xffee</value>
         <object_component_ref idref="oc-7a"/>
      </symbol>
      <symbol id="sm-a2c">
         <name>__TI_int57</name>
         <value>0xfff2</value>
         <object_component_ref idref="oc-7c"/>
      </symbol>
      <symbol id="sm-a30">
         <name>__TI_int58</name>
         <value>0xfff4</value>
         <object_component_ref idref="oc-7d"/>
      </symbol>
      <symbol id="sm-a34">
         <name>__TI_int60</name>
         <value>0xfff8</value>
         <object_component_ref idref="oc-7f"/>
      </symbol>
      <symbol id="sm-a38">
         <name>__TI_int61</name>
         <value>0xfffa</value>
         <object_component_ref idref="oc-80"/>
      </symbol>
      <symbol id="sm-a3c">
         <name>__TI_int62</name>
         <value>0xfffc</value>
         <object_component_ref idref="oc-81"/>
      </symbol>
      <symbol id="sm-a48">
         <name>__TI_ISR_TRAP</name>
         <value>0x45be</value>
         <object_component_ref idref="oc-160"/>
      </symbol>
      <symbol id="sm-a55">
         <name>labs</name>
         <value>0x9954</value>
         <object_component_ref idref="oc-2c5"/>
      </symbol>
      <symbol id="sm-a62">
         <name>llabs</name>
         <value>0x98c4</value>
         <object_component_ref idref="oc-2cf"/>
      </symbol>
      <symbol id="sm-a6f">
         <name>I_LSL</name>
         <value>0x9992</value>
         <object_component_ref idref="oc-16f"/>
      </symbol>
      <symbol id="sm-a7b">
         <name>L_LSL_3</name>
         <value>0x93f6</value>
         <object_component_ref idref="oc-285"/>
      </symbol>
      <symbol id="sm-a7c">
         <name>L_LSL_2</name>
         <value>0x93fa</value>
         <object_component_ref idref="oc-285"/>
      </symbol>
      <symbol id="sm-a7d">
         <name>L_LSL_1</name>
         <value>0x93fe</value>
         <object_component_ref idref="oc-285"/>
      </symbol>
      <symbol id="sm-a7e">
         <name>L_LSL_7</name>
         <value>0x93e6</value>
         <object_component_ref idref="oc-285"/>
      </symbol>
      <symbol id="sm-a7f">
         <name>L_LSL_6</name>
         <value>0x93ea</value>
         <object_component_ref idref="oc-285"/>
      </symbol>
      <symbol id="sm-a80">
         <name>L_LSL_5</name>
         <value>0x93ee</value>
         <object_component_ref idref="oc-285"/>
      </symbol>
      <symbol id="sm-a81">
         <name>L_LSL_4</name>
         <value>0x93f2</value>
         <object_component_ref idref="oc-285"/>
      </symbol>
      <symbol id="sm-a82">
         <name>L_LSL_9</name>
         <value>0x93de</value>
         <object_component_ref idref="oc-285"/>
      </symbol>
      <symbol id="sm-a83">
         <name>L_LSL_8</name>
         <value>0x93e2</value>
         <object_component_ref idref="oc-285"/>
      </symbol>
      <symbol id="sm-a84">
         <name>L_LSL_12</name>
         <value>0x93d2</value>
         <object_component_ref idref="oc-285"/>
      </symbol>
      <symbol id="sm-a85">
         <name>L_LSL_13</name>
         <value>0x93ce</value>
         <object_component_ref idref="oc-285"/>
      </symbol>
      <symbol id="sm-a86">
         <name>L_LSL_10</name>
         <value>0x93da</value>
         <object_component_ref idref="oc-285"/>
      </symbol>
      <symbol id="sm-a87">
         <name>L_LSL_11</name>
         <value>0x93d6</value>
         <object_component_ref idref="oc-285"/>
      </symbol>
      <symbol id="sm-a88">
         <name>L_LSL_14</name>
         <value>0x93ca</value>
         <object_component_ref idref="oc-285"/>
      </symbol>
      <symbol id="sm-a89">
         <name>L_LSL_15</name>
         <value>0x93c6</value>
         <object_component_ref idref="oc-285"/>
      </symbol>
      <symbol id="sm-a99">
         <name>__lslll</name>
         <value>0x947a</value>
         <object_component_ref idref="oc-2b6"/>
      </symbol>
      <symbol id="sm-aa7">
         <name>L_LSR</name>
         <value>0x9944</value>
         <object_component_ref idref="oc-2d3"/>
      </symbol>
      <symbol id="sm-ab7">
         <name>__lsrll</name>
         <value>0x94b4</value>
         <object_component_ref idref="oc-2d4"/>
      </symbol>
      <symbol id="sm-ac6">
         <name>memcmp</name>
         <value>0x980a</value>
         <object_component_ref idref="oc-2c0"/>
      </symbol>
      <symbol id="sm-ad4">
         <name>memcpy</name>
         <value>0x991c</value>
         <object_component_ref idref="oc-245"/>
      </symbol>
      <symbol id="sm-ae2">
         <name>memset</name>
         <value>0x98da</value>
         <object_component_ref idref="oc-290"/>
      </symbol>
      <symbol id="sm-b15">
         <name>__mpyi_f5hw</name>
         <value>0x9906</value>
         <object_component_ref idref="oc-28c"/>
      </symbol>
      <symbol id="sm-b4b">
         <name>__mpyl_f5hw</name>
         <value>0x9854</value>
         <object_component_ref idref="oc-281"/>
      </symbol>
      <symbol id="sm-b6c">
         <name>__mpyll_f5hw</name>
         <value>0x8d34</value>
         <object_component_ref idref="oc-2b3"/>
      </symbol>
      <symbol id="sm-b87">
         <name>_system_pre_init</name>
         <value>0x99ba</value>
         <object_component_ref idref="oc-24b"/>
      </symbol>
      <symbol id="sm-b99">
         <name>sqrt</name>
         <value>0x7478</value>
         <object_component_ref idref="oc-28b"/>
      </symbol>
      <symbol id="sm-bc0">
         <name>_Atan</name>
         <value>0x6c1e</value>
         <object_component_ref idref="oc-289"/>
      </symbol>
      <symbol id="sm-bd5">
         <name>_Dscale</name>
         <value>0x99b2</value>
         <object_component_ref idref="oc-2bc"/>
      </symbol>
      <symbol id="sm-be1">
         <name>_Dunscale</name>
         <value>0x99b6</value>
         <object_component_ref idref="oc-2bb"/>
      </symbol>
      <symbol id="sm-c16">
         <name>_FDscale</name>
         <value>0x76b2</value>
         <object_component_ref idref="oc-2c8"/>
      </symbol>
      <symbol id="sm-c28">
         <name>_FDunscale</name>
         <value>0x8bb6</value>
         <object_component_ref idref="oc-2c7"/>
      </symbol>
      <symbol id="sm-c37">
         <name>_Feraise</name>
         <value>0x955e</value>
         <object_component_ref idref="oc-28a"/>
      </symbol>
      <symbol id="sm-c47">
         <name>_FZero</name>
         <value>0x26c4</value>
         <object_component_ref idref="oc-1fe"/>
      </symbol>
      <symbol id="sm-c48">
         <name>_FRteps</name>
         <value>0x26b0</value>
         <object_component_ref idref="oc-1fe"/>
      </symbol>
      <symbol id="sm-c49">
         <name>_FSnan</name>
         <value>0x26a0</value>
         <object_component_ref idref="oc-1fe"/>
      </symbol>
      <symbol id="sm-c4a">
         <name>_FNan</name>
         <value>0x2690</value>
         <object_component_ref idref="oc-1fe"/>
      </symbol>
      <symbol id="sm-c4b">
         <name>_FInf</name>
         <value>0x2680</value>
         <object_component_ref idref="oc-1fe"/>
      </symbol>
      <symbol id="sm-c4c">
         <name>_FEps</name>
         <value>0x2670</value>
         <object_component_ref idref="oc-1fe"/>
      </symbol>
      <symbol id="sm-c4d">
         <name>_FXbig</name>
         <value>0x26c0</value>
         <object_component_ref idref="oc-1fe"/>
      </symbol>
      <symbol id="sm-c4e">
         <name>_FDenorm</name>
         <value>0x2660</value>
         <object_component_ref idref="oc-1fe"/>
      </symbol>
      <symbol id="sm-c5f">
         <name>_Rteps</name>
         <value>0x2648</value>
         <object_component_ref idref="oc-202"/>
      </symbol>
      <symbol id="sm-c60">
         <name>_Zero</name>
         <value>0x265c</value>
         <object_component_ref idref="oc-202"/>
      </symbol>
      <symbol id="sm-c61">
         <name>_Hugeval</name>
         <value>0x2608</value>
         <object_component_ref idref="oc-202"/>
      </symbol>
      <symbol id="sm-c62">
         <name>_Snan</name>
         <value>0x2638</value>
         <object_component_ref idref="oc-202"/>
      </symbol>
      <symbol id="sm-c63">
         <name>_Nan</name>
         <value>0x2628</value>
         <object_component_ref idref="oc-202"/>
      </symbol>
      <symbol id="sm-c64">
         <name>_Inf</name>
         <value>0x2618</value>
         <object_component_ref idref="oc-202"/>
      </symbol>
      <symbol id="sm-c65">
         <name>_Xbig</name>
         <value>0x2658</value>
         <object_component_ref idref="oc-202"/>
      </symbol>
      <symbol id="sm-c66">
         <name>_Eps</name>
         <value>0x25f8</value>
         <object_component_ref idref="oc-202"/>
      </symbol>
      <symbol id="sm-c67">
         <name>_Denorm</name>
         <value>0x25e8</value>
         <object_component_ref idref="oc-202"/>
      </symbol>
      <symbol id="sm-c7b">
         <name>_nop</name>
         <value>0x99c2</value>
         <object_component_ref idref="oc-273"/>
      </symbol>
      <symbol id="sm-c7c">
         <name>_lock</name>
         <value>0x274a</value>
         <object_component_ref idref="oc-25e"/>
      </symbol>
      <symbol id="sm-c7d">
         <name>_unlock</name>
         <value>0x274e</value>
         <object_component_ref idref="oc-264"/>
      </symbol>
      <symbol id="sm-c99">
         <name>_auto_init_hold_wdt</name>
         <value>0x8654</value>
         <object_component_ref idref="oc-24c"/>
      </symbol>
      <symbol id="sm-ca3">
         <name>_Errno</name>
         <value>0x2752</value>
         <object_component_ref idref="oc-215"/>
      </symbol>
      <symbol id="sm-cb6">
         <name>feraiseexcept</name>
         <value>0x9632</value>
         <object_component_ref idref="oc-2ba"/>
      </symbol>
      <symbol id="sm-cb7">
         <name>_Tls_setup__Fenv</name>
         <value>0x2746</value>
         <object_component_ref idref="oc-219"/>
      </symbol>
      <symbol id="sm-cb8">
         <name>_Fenv</name>
         <value>0x2742</value>
         <object_component_ref idref="oc-219"/>
      </symbol>
      <symbol id="sm-cce">
         <name>I_LSR</name>
         <value>0x999c</value>
         <object_component_ref idref="oc-225"/>
      </symbol>
      <symbol id="sm-ce6">
         <name>raise</name>
         <value>0x9666</value>
         <object_component_ref idref="oc-2c6"/>
      </symbol>
      <symbol id="sm-cfb">
         <name>signal</name>
         <value>0x9526</value>
         <object_component_ref idref="oc-2d1"/>
      </symbol>
      <symbol id="sm-d0d">
         <name>_FDnorm</name>
         <value>0x8352</value>
         <object_component_ref idref="oc-2d2"/>
      </symbol>
   </symbol_table>
   <title>Link successful</title>
</link_info>
